-- The C compiler identification is GNU 13.3.0
-- The CXX compiler identification is GNU 13.3.0
-- Detecting C compiler ABI info
-- Detecting C compiler ABI info - done
-- Check for working C compiler: /usr/bin/cc - skipped
-- Detecting C compile features
-- Detecting C compile features - done
-- Detecting CXX compiler ABI info
-- Detecting CXX compiler ABI info - done
-- Check for working CXX compiler: /usr/bin/c++ - skipped
-- Detecting CXX compile features
-- Detecting CXX compile features - done
-- Performing Test CMAKE_HAVE_LIBC_PTHREAD
-- Performing Test CMAKE_HAVE_LIBC_PTHREAD - Success
-- Found Threads: TRUE  
-- Found ZLIB: /usr/lib/x86_64-linux-gnu/libz.so (found version "1.3")  
-- The HIP compiler identification is Clang 23.0.0
-- Detecting HIP compiler ABI info
-- Detecting HIP compiler ABI info - done
-- Check for working HIP compiler: /opt/rocm/lib/llvm/bin/clang++ - skipped
-- Detecting HIP compile features
-- Detecting HIP compile features - done
-- The ASM compiler identification is GNU
-- Found assembler: /usr/bin/cc
-- CMAKE_SYSTEM_PROCESSOR: x86_64
-- GGML_SYSTEM_ARCH: x86
-- Found OpenMP_C: -fopenmp (found version "4.5") 
-- Found OpenMP_CXX: -fopenmp (found version "4.5") 
-- Found OpenMP: TRUE (found version "4.5")  
-- Adding gfx1151 companion CPU backend: -march=native 
-- HIP: Using hipcc from relative path: /opt/rocm/bin/hipcc
-- HIP_PLATFORM using hip_HIPCONFIG_EXECUTABLE: amd
-- HIP: Using hipcc from relative path: /opt/rocm/bin/hipcc
-- HIP and hipBLAS found
-- ggml version: 0.9.11
-- ggml commit:  unknown
-- Found OpenMP: TRUE (found version "4.5") found components: CXX 
-- HIP: Using hipcc from relative path: /opt/rocm/bin/hipcc
-- HIP_PLATFORM using hip_HIPCONFIG_EXECUTABLE: amd
-- [ember] engine: backend=hip hip_archs=gfx1151 ggml_target=ggml-hip
-- HIP: Using hipcc from relative path: /opt/rocm/bin/hipcc
fatal: detected dubious ownership in repository at '/ember'
To add an exception for this directory, call:

	git config --global --add safe.directory /ember
-- HIP: Using hipcc from relative path: /opt/rocm/bin/hipcc
-- HIP_PLATFORM using hip_HIPCONFIG_EXECUTABLE: amd
-- HIP: Using hipcc from relative path: /opt/rocm/bin/hipcc
-- Configuring done (1.6s)
-- Generating done (0.1s)
-- Build files have been written to: /ember/build-release-integration
[  0%] Building CXX object CMakeFiles/test_prefill_policy.dir/test/test_prefill_policy.cpp.o
[  0%] Building CXX object CMakeFiles/test_ds4_vision_contract.dir/test/test_ds4_vision_contract.cpp.o
[  0%] Building C object CMakeFiles/ember_core.dir/src/server/sse.c.o
[  1%] Building CXX object CMakeFiles/test_ds4_vision_oracle.dir/test/test_ds4_vision_oracle.cpp.o
[  1%] Building C object CMakeFiles/test_rocmfp_scale.dir/test/test_rocmfp_scale.c.o
[  2%] Building C object CMakeFiles/ember_core.dir/src/model/tool_parser_qwen4.c.o
[  2%] Building C object CMakeFiles/ember_core.dir/src/model/tool_parser.c.o
[  2%] Building CXX object CMakeFiles/test_ds4_vision_artifact.dir/test/test_ds4_vision_artifact.cpp.o
[  2%] Building CXX object CMakeFiles/test_ds4_vision_contract.dir/engine/dflash/deepseek4/deepseek4_vision_contract.cpp.o
[  2%] Building C object CMakeFiles/ember_core.dir/src/model/tool_grammar.c.o
[  2%] Building C object CMakeFiles/ember_core.dir/src/model/tool_memory.c.o
[  2%] Building CXX object CMakeFiles/test_ds4_vision_artifact.dir/engine/dflash/deepseek4/deepseek4_vision_artifact.cpp.o
[  2%] Building CXX object CMakeFiles/test_ds4_vision_oracle.dir/engine/dflash/deepseek4/deepseek4_vision_oracle.cpp.o
[  2%] Building C object CMakeFiles/ember_core.dir/src/model/tool_schema.c.o
[  2%] Building CXX object CMakeFiles/test_ds4_imatrix.dir/test/test_ds4_imatrix.cpp.o
[  2%] Building CXX object CMakeFiles/test_ds4_imatrix.dir/engine/dflash/deepseek4/deepseek4_imatrix.cpp.o
[  2%] Building CXX object vendor/xgrammar/CMakeFiles/xgrammar.dir/cpp/compiled_grammar.cc.o
[  2%] Building C object CMakeFiles/test_rocmfp2_unpack.dir/test/test_rocmfp2_unpack.c.o
[  2%] Building CXX object vendor/xgrammar/CMakeFiles/xgrammar.dir/cpp/config.cc.o
[  2%] Building CXX object CMakeFiles/test_ds4_vision_native_contract.dir/test/test_ds4_vision_native_contract.cpp.o
[  2%] Building C object CMakeFiles/ember_core.dir/src/model/continuation.c.o
[  2%] Building C object CMakeFiles/test_rocmi4.dir/test/test_rocmi4.c.o
[  2%] Building CXX object CMakeFiles/test_ds4_vision_artifact.dir/engine/dflash/deepseek4/deepseek4_vision_contract.cpp.o
[  2%] Building CXX object CMakeFiles/test_dspark_scheduler.dir/test/test_dspark_scheduler.cpp.o
[  2%] Building C object CMakeFiles/test_rocmfp2_offset.dir/test/test_rocmfp2_offset.c.o
[  2%] Building CXX object CMakeFiles/test_rocmi4_q8_i4_exact.dir/test/test_rocmi4_q8_i4_exact.cpp.o
[  2%] Building C object CMakeFiles/test_thinking_budget.dir/test/test_thinking_budget.c.o
[  2%] Building CXX object CMakeFiles/test_progress_cycle_detector.dir/test/test_progress_cycle_detector.cpp.o
[  2%] Building CXX object CMakeFiles/test_sampler.dir/test/test_sampler.cpp.o
[  2%] Building CXX object CMakeFiles/test_qwen4exp_contract.dir/test/test_qwen4exp_contract.cpp.o
[  2%] Building CXX object CMakeFiles/test_qwen4exp_shard_paths.dir/test/test_qwen4exp_shard_paths.cpp.o
[  2%] Building CXX object CMakeFiles/test_pre_tokenizer.dir/test/test_pre_tokenizer.cpp.o
[  3%] Linking C executable test_rocmfp2_unpack
[  3%] Linking C executable test_thinking_budget
[  3%] Linking C executable test_rocmfp_scale
[  3%] Linking C executable test_rocmfp2_offset
[  3%] Built target test_rocmfp2_unpack
[  3%] Built target test_thinking_budget
[  3%] Building C object CMakeFiles/test_rocmi4.dir/engine/ggml/rocmfpx/rocmfpx.c.o
[  3%] Built target test_rocmfp_scale
[  3%] Building CXX object CMakeFiles/test_qwen4exp_state.dir/test/test_qwen4exp_state.cpp.o
[  3%] Building CXX object CMakeFiles/test_ds4_vision_native_contract.dir/engine/dflash/deepseek4/deepseek4_vision_native_contract.cpp.o
[  3%] Linking CXX executable test_qwen4exp_contract
[  4%] Building CXX object CMakeFiles/test_qwen4exp_mtp.dir/test/test_qwen4exp_mtp.cpp.o
[  4%] Built target test_rocmfp2_offset
[  4%] Building CXX object CMakeFiles/test_qwen4exp_reference.dir/test/test_qwen4exp_reference.cpp.o
[  4%] Built target test_qwen4exp_contract
[  4%] Building CXX object CMakeFiles/test_qwen4exp_mtp.dir/engine/dflash/qwen4exp/qwen4exp_mtp.cpp.o
[  4%] Building C object CMakeFiles/ember_core.dir/src/model/dsml_decode.c.o
[  5%] Building CXX object CMakeFiles/test_qwen4exp_reference.dir/engine/dflash/qwen4exp/qwen4exp_reference.cpp.o
[  5%] Building CXX object CMakeFiles/test_qwen4exp_yarn_reference.dir/test/test_qwen4exp_yarn_reference.cpp.o
[  6%] Building CXX object CMakeFiles/test_sampler.dir/engine/dflash/common/sampler.cpp.o
[  6%] Building CXX object CMakeFiles/test_qwen4exp_yarn_reference.dir/engine/dflash/qwen4exp/qwen4exp_yarn_reference.cpp.o
[  7%] Building CXX object CMakeFiles/test_pre_tokenizer.dir/engine/dflash/server/pre_tokenizer.cpp.o
[  7%] Building CXX object vendor/xgrammar/CMakeFiles/xgrammar.dir/cpp/earley_parser.cc.o
[  8%] Linking CXX executable test_dspark_scheduler
[  8%] Building CXX object CMakeFiles/test_qwen4exp_state.dir/engine/dflash/qwen4exp/qwen4exp_state.cpp.o
[  8%] Linking CXX executable test_rocmi4_q8_i4_exact
[  8%] Built target test_dspark_scheduler
[  9%] Building C object CMakeFiles/ember_core.dir/src/common/json.c.o
[  9%] Building CXX object CMakeFiles/test_qwen4exp_mtp.dir/engine/dflash/qwen4exp/qwen4exp_state.cpp.o
[  9%] Building CXX object CMakeFiles/test_qwen4exp_shard_paths.dir/engine/dflash/qwen4exp/qwen4exp_shards.cpp.o
[  9%] Building CXX object vendor/xgrammar/CMakeFiles/xgrammar.dir/cpp/fsm.cc.o
[  9%] Built target test_rocmi4_q8_i4_exact
[ 10%] Building CXX object CMakeFiles/test_activation_dump.dir/test/test_activation_dump.cpp.o
[ 10%] Building CXX object CMakeFiles/test_activation_dump.dir/engine/dflash/common/activation_dump.cpp.o
[ 10%] Linking CXX executable test_progress_cycle_detector
[ 10%] Building CXX object CMakeFiles/test_qwen4exp_vision.dir/test/test_qwen4exp_vision.cpp.o
[ 10%] Building CXX object CMakeFiles/test_qwen4exp_vision.dir/engine/dflash/qwen4exp/qwen4exp_vision.cpp.o
[ 10%] Built target test_progress_cycle_detector
[ 10%] Building C object CMakeFiles/ember_core.dir/src/server/chat_api.c.o
[ 10%] Building CXX object CMakeFiles/mock_qwen4exp_vision_provider.dir/test/mock_qwen4exp_vision_provider.cpp.o
[ 10%] Linking CXX executable test_qwen4exp_yarn_reference
[ 10%] Linking CXX executable test_ds4_imatrix
[ 11%] Linking CXX executable test_ds4_vision_artifact
[ 12%] Building C object CMakeFiles/test_qwen_yarn.dir/test/test_qwen_yarn.c.o
[ 12%] Building C object CMakeFiles/ember_core.dir/src/server/api_adapters.c.o
[ 12%] Built target test_ds4_imatrix
[ 12%] Building C object CMakeFiles/test_qwen_yarn.dir/engine/dflash/common/qwen_yarn.c.o
[ 12%] Built target test_ds4_vision_artifact
[ 12%] Building CXX object CMakeFiles/test_gguf_quantize_common.dir/test/test_gguf_quantize_common.cpp.o
[ 12%] Building C object CMakeFiles/ember_core.dir/src/server/compaction.c.o
[ 12%] Building C object CMakeFiles/ember_core.dir/src/server/http.c.o
[ 12%] Built target test_qwen4exp_yarn_reference
[ 12%] Linking C executable test_rocmi4
[ 13%] Building C object CMakeFiles/ember_core.dir/src/server/background_gate.c.o
[ 13%] Built target test_rocmi4
[ 13%] Building C object CMakeFiles/ember_core.dir/src/model/chat_template.c.o
[ 13%] Linking C executable test_qwen_yarn
[ 13%] Building CXX object CMakeFiles/test_logits_probe_format.dir/test/test_logits_probe_format.cpp.o
[ 13%] Building C object CMakeFiles/ember_core.dir/src/model/chat_template_qwen4.c.o
[ 13%] Linking CXX executable test_pre_tokenizer
[ 13%] Built target test_qwen_yarn
[ 13%] Building CXX object CMakeFiles/test_logits_probe_format.dir/tools/logits_probe_format.cpp.o
[ 14%] Building CXX object CMakeFiles/test_qwen4exp_vision.dir/engine/dflash/qwen4exp/qwen4exp_vision_loader.cpp.o
[ 14%] Building C object CMakeFiles/ember_core.dir/src/model/image_input.c.o
[ 14%] Built target test_pre_tokenizer
[ 15%] Building CXX object vendor/xgrammar/CMakeFiles/xgrammar.dir/cpp/fsm_builder.cc.o
[ 15%] Building CXX object CMakeFiles/test_gguf_quantize_common.dir/tools/gguf_quantize_common.cpp.o
[ 15%] Building C object CMakeFiles/ember_core.dir/src/model/vision_prompt.c.o
[ 15%] Linking CXX executable test_prefill_policy
[ 15%] Linking CXX executable test_qwen4exp_state
[ 15%] Building CXX object CMakeFiles/test_continuous_batch_scheduler.dir/test/test_continuous_batch_scheduler.cpp.o
[ 15%] Building CXX object vendor/xgrammar/CMakeFiles/xgrammar.dir/cpp/grammar.cc.o
[ 15%] Building C object CMakeFiles/ember_core.dir/src/model/gguf.c.o
[ 16%] Building C object CMakeFiles/ember_core.dir/src/model/model_profile.c.o
[ 16%] Linking CXX shared module mock_qwen4exp_vision_provider.so
[ 16%] Built target test_prefill_policy
[ 16%] Building CXX object CMakeFiles/test_continuous_batch_scheduler.dir/engine/dflash/common/continuous_batch_scheduler.cpp.o
[ 16%] Built target test_qwen4exp_state
[ 17%] Building CXX object CMakeFiles/test_continuous_batch_executor.dir/test/test_continuous_batch_executor.cpp.o
[ 17%] Building C object CMakeFiles/ember_core.dir/src/backend/backend_stub.c.o
[ 17%] Building CXX object CMakeFiles/test_resident_batch_coordinator.dir/test/test_resident_batch_coordinator.cpp.o
[ 17%] Built target mock_qwen4exp_vision_provider
[ 17%] Building CXX object CMakeFiles/test_resident_batch_coordinator.dir/engine/dflash/common/continuous_batch_scheduler.cpp.o
[ 17%] Building CXX object vendor/xgrammar/CMakeFiles/xgrammar.dir/cpp/grammar_builder.cc.o
[ 17%] Building CXX object CMakeFiles/test_resident_batch_coordinator.dir/engine/dflash/common/continuous_batch_executor.cpp.o
[ 17%] Building CXX object vendor/xgrammar/CMakeFiles/xgrammar.dir/cpp/grammar_compiler.cc.o
[ 17%] Linking CXX executable test_activation_dump
[ 17%] Linking CXX executable test_ds4_vision_contract
[ 17%] Building CXX object CMakeFiles/mock_xdna_dspark_provider.dir/test/mock_xdna_dspark_provider.cpp.o
[ 17%] Building CXX object vendor/xgrammar/CMakeFiles/xgrammar.dir/cpp/grammar_functor.cc.o
[ 17%] Built target test_ds4_vision_contract
[ 17%] Built target test_activation_dump
[ 18%] Building CXX object CMakeFiles/test_resident_batch_coordinator.dir/engine/dflash/common/resident_batch_coordinator.cpp.o
[ 19%] Building CXX object CMakeFiles/test_xdna_dspark_provider.dir/test/test_xdna_dspark_provider.cpp.o
[ 19%] Building CXX object CMakeFiles/test_xdna_dspark_cpu_ops.dir/test/test_xdna_dspark_cpu_ops.cpp.o
[ 20%] Building CXX object vendor/xgrammar/CMakeFiles/xgrammar.dir/cpp/grammar_matcher.cc.o
[ 20%] Linking CXX executable test_qwen4exp_reference
[ 20%] Building CXX object CMakeFiles/ember-dspark-cpu-bench.dir/providers/xdna2/benchmark_dspark_cpu_body.cpp.o
[ 20%] Built target test_qwen4exp_reference
[ 20%] Building CXX object CMakeFiles/test_continuous_batch_executor.dir/engine/dflash/common/continuous_batch_scheduler.cpp.o
[ 20%] Building CXX object CMakeFiles/ember-dspark-rocmfp4-cpu-bench.dir/providers/xdna2/benchmark_rocmfp4_cpu.cpp.o
[ 20%] Building CXX object vendor/xgrammar/CMakeFiles/xgrammar.dir/cpp/grammar_parser.cc.o
[ 20%] Building CXX object CMakeFiles/test_xdna_dspark_cpu_ops.dir/providers/xdna2/dspark_cpu_ops.cpp.o
[ 21%] Building CXX object CMakeFiles/ember-dspark-rocmfp4-cpu-bench.dir/providers/xdna2/rocmfp4_model_weights.cpp.o
[ 21%] Building CXX object CMakeFiles/test_xdna_rocmfp4_pack.dir/test/test_xdna_rocmfp4_pack.cpp.o
[ 22%] Linking CXX executable test_continuous_batch_scheduler
[ 22%] Linking CXX executable test_qwen4exp_mtp
[ 22%] Linking CXX shared module mock_xdna_dspark_provider.so
[ 22%] Built target test_continuous_batch_scheduler
[ 23%] Building CXX object CMakeFiles/test_xdna_rocmfp4_pack.dir/providers/xdna2/rocmfp4_pack.cpp.o
[ 24%] Building CXX object CMakeFiles/test_xdna_rocmfp4_model_weights.dir/test/test_xdna_rocmfp4_model_weights.cpp.o
[ 24%] Linking CXX executable test_sampler
[ 24%] Built target mock_xdna_dspark_provider
[ 24%] Building CXX object CMakeFiles/ember-dspark-rocmfp4-cpu-bench.dir/providers/xdna2/rocmfp4_pack.cpp.o
[ 24%] Building CXX object CMakeFiles/test_xdna_dspark_provider.dir/engine/dflash/common/dspark_draft_compute_xdna.cpp.o
[ 24%] Built target test_qwen4exp_mtp
[ 24%] Building C object CMakeFiles/ember-dspark-rocmfp4-cpu-bench.dir/src/model/gguf.c.o
[ 25%] Linking CXX executable test_gguf_quantize_common
[ 25%] Building CXX object CMakeFiles/test_continuous_batch_executor.dir/engine/dflash/common/continuous_batch_executor.cpp.o
[ 25%] Built target test_sampler
[ 25%] Building CXX object vendor/xgrammar/CMakeFiles/xgrammar.dir/cpp/grammar_printer.cc.o
[ 25%] Building CXX object CMakeFiles/ember-dspark-cpu-bench.dir/providers/xdna2/dspark_cpu_ops.cpp.o
[ 25%] Built target test_gguf_quantize_common
[ 25%] Building CXX object CMakeFiles/test_xdna_q8_pack.dir/test/test_xdna_q8_pack.cpp.o
[ 25%] Building CXX object CMakeFiles/test_xdna_q8_model_weights.dir/test/test_xdna_q8_model_weights.cpp.o
[ 25%] Building CXX object CMakeFiles/test_xdna_q8_pack.dir/providers/xdna2/q8_0_pack.cpp.o
[ 25%] Building C object CMakeFiles/ember_core.dir/src/model/model_card.c.o
[ 25%] Building CXX object vendor/xgrammar/CMakeFiles/xgrammar.dir/cpp/json_schema_converter.cc.o
[ 25%] Linking CXX executable test_qwen4exp_vision
[ 25%] Building C object CMakeFiles/ember_core.dir/src/model/kv_cache.c.o
[ 25%] Building CXX object CMakeFiles/test_xdna_rocmfp4_model_weights.dir/providers/xdna2/rocmfp4_model_weights.cpp.o
[ 25%] Linking CXX executable test_ds4_vision_native_contract
[ 25%] Building CXX object CMakeFiles/test_xdna_rocmfp4_model_weights.dir/providers/xdna2/rocmfp4_pack.cpp.o
[ 25%] Built target test_qwen4exp_vision
[ 25%] Linking CXX executable test_continuous_batch_executor
[ 25%] Building C object engine/ggml/src/CMakeFiles/ggml-base.dir/ggml.c.o
[ 25%] Linking C static library libember_core.a
[ 25%] Building CXX object CMakeFiles/test_xdna_q8_model_weights.dir/providers/xdna2/q8_model_weights.cpp.o
[ 25%] Built target test_ds4_vision_native_contract
[ 25%] Built target ember_core
[ 25%] Built target test_continuous_batch_executor
[ 25%] Building CXX object CMakeFiles/test_xdna_q8_model_weights.dir/providers/xdna2/q8_0_pack.cpp.o
[ 25%] Building C object CMakeFiles/test_xdna_rocmfp4_model_weights.dir/src/model/gguf.c.o
[ 26%] Building C object CMakeFiles/test_xdna_q8_model_weights.dir/src/model/gguf.c.o
[ 26%] Building CXX object vendor/xgrammar/CMakeFiles/xgrammar.dir/cpp/json_schema_converter_ext.cc.o
[ 26%] Building CXX object vendor/xgrammar/CMakeFiles/xgrammar.dir/cpp/regex_converter.cc.o
[ 27%] Building CXX object vendor/xgrammar/CMakeFiles/xgrammar.dir/cpp/structural_tag.cc.o
[ 28%] Building CXX object engine/ggml/src/CMakeFiles/ggml-base.dir/ggml.cpp.o
[ 28%] Linking CXX executable test_xdna_dspark_provider
[ 28%] Linking CXX executable test_logits_probe_format
[ 28%] Built target test_xdna_dspark_provider
[ 28%] Linking CXX executable test_resident_batch_coordinator
[ 28%] Built target ember_release_tool_revision_check
[ 28%] Building C object engine/ggml/src/CMakeFiles/ggml-base.dir/ggml-alloc.c.o
[ 28%] Built target test_logits_probe_format
[ 28%] Linking CXX executable ember-dspark-rocmfp4-cpu-bench
[ 28%] Building C object CMakeFiles/test_sse.dir/test/test_sse.c.o
[ 28%] Built target test_resident_batch_coordinator
[ 28%] Building CXX object vendor/xgrammar/CMakeFiles/xgrammar.dir/cpp/testing.cc.o
[ 29%] Building C object CMakeFiles/test_tool_parser.dir/test/test_tool_parser.c.o
[ 29%] Built target ember-dspark-rocmfp4-cpu-bench
[ 29%] Building C object CMakeFiles/test_tool_parser_qwen4.dir/test/test_tool_parser_qwen4.c.o
[ 29%] Building CXX object engine/ggml/src/CMakeFiles/ggml-base.dir/ggml-backend.cpp.o
[ 29%] Building CXX object vendor/xgrammar/CMakeFiles/xgrammar.dir/cpp/tokenizer_info.cc.o
[ 29%] Building C object CMakeFiles/test_tool_schema.dir/test/test_tool_schema.c.o
[ 30%] Building C object CMakeFiles/test_tool_grammar.dir/test/test_tool_grammar.c.o
[ 30%] Building C object CMakeFiles/test_tool_memory.dir/test/test_tool_memory.c.o
[ 30%] Linking C executable test_tool_parser
[ 30%] Linking C executable test_tool_parser_qwen4
[ 30%] Built target test_tool_parser
[ 30%] Building C object CMakeFiles/test_continuation.dir/test/test_continuation.c.o
[ 30%] Linking CXX executable test_xdna_rocmfp4_pack
[ 31%] Linking C executable test_tool_schema
[ 31%] Built target test_tool_parser_qwen4
[ 31%] Building CXX object engine/ggml/src/CMakeFiles/ggml-base.dir/ggml-opt.cpp.o
[ 31%] Linking C executable test_tool_grammar
[ 31%] Linking C executable test_tool_memory
[ 31%] Built target test_tool_schema
[ 31%] Building CXX object vendor/xgrammar/CMakeFiles/xgrammar.dir/cpp/support/logging.cc.o
[ 31%] Linking CXX executable test_xdna_dspark_cpu_ops
[ 31%] Built target test_tool_grammar
[ 31%] Building CXX object vendor/xgrammar/CMakeFiles/xgrammar.dir/cpp/support/recursion_guard.cc.o
[ 31%] Built target test_tool_memory
[ 31%] Built target test_xdna_rocmfp4_pack
[ 31%] Building C object CMakeFiles/test_dsml_decode.dir/test/test_dsml_decode.c.o
[ 31%] Linking C executable test_continuation
[ 31%] Building C object CMakeFiles/test_json.dir/test/test_json.c.o
[ 31%] Building C object CMakeFiles/test_chat_api.dir/test/test_chat_api.c.o
[ 31%] Built target test_xdna_dspark_cpu_ops
[ 31%] Built target test_continuation
[ 31%] Building C object CMakeFiles/test_api_adapters.dir/test/test_api_adapters.c.o
[ 31%] Building C object CMakeFiles/test_http.dir/test/test_http.c.o
[ 31%] Linking C executable test_dsml_decode
[ 31%] Linking CXX executable test_xdna_rocmfp4_model_weights
[ 31%] Linking C executable test_sse
[ 31%] Built target test_dsml_decode
[ 32%] Linking C executable test_json
[ 32%] Building C object CMakeFiles/test_background_gate.dir/test/test_background_gate.c.o
[ 32%] Linking CXX executable test_xdna_q8_pack
[ 32%] Linking CXX executable test_xdna_q8_model_weights
[ 32%] Built target test_json
[ 32%] Built target test_xdna_rocmfp4_model_weights
[ 33%] Linking C executable test_background_gate
[ 33%] Linking C executable test_chat_api
[ 33%] Building C object CMakeFiles/test_chat_template.dir/test/test_chat_template.c.o
[ 33%] Built target test_sse
[ 33%] Building C object CMakeFiles/test_chat_template_qwen4.dir/test/test_chat_template_qwen4.c.o
[ 33%] Linking C executable test_http
[ 33%] Built target test_xdna_q8_pack
[ 33%] Built target test_xdna_q8_model_weights
[ 33%] Built target test_background_gate
[ 33%] Building C object CMakeFiles/test_model_profile.dir/test/test_model_profile.c.o
[ 33%] Built target test_chat_api
[ 33%] Building CXX object engine/ggml/src/CMakeFiles/ggml-base.dir/ggml-threading.cpp.o
[ 33%] Building C object engine/ggml/src/CMakeFiles/ggml-base.dir/ggml-quants.c.o
[ 33%] Building C object CMakeFiles/test_vision_prompt.dir/test/test_vision_prompt.c.o
[ 33%] Building C object CMakeFiles/test_image_input.dir/test/test_image_input.c.o
[ 33%] Building C object CMakeFiles/test_compaction.dir/test/test_compaction.c.o
[ 33%] Built target test_http
[ 33%] Linking C executable test_model_profile
[ 33%] Linking C executable test_chat_template
[ 34%] Linking C executable test_chat_template_qwen4
[ 34%] Linking C executable test_image_input
[ 34%] Building C object CMakeFiles/test_gguf.dir/test/test_gguf.c.o
[ 34%] Built target test_chat_template_qwen4
[ 34%] Built target test_chat_template
[ 34%] Built target test_image_input
[ 35%] Building C object engine/ggml/src/CMakeFiles/ggml-base.dir/__/rocmfp4/rocmfp4.c.o
[ 35%] Built target test_model_profile
[ 36%] Building C object CMakeFiles/test_model_card.dir/test/test_model_card.c.o
[ 36%] Building C object CMakeFiles/test_kv_cache.dir/test/test_kv_cache.c.o
[ 36%] Linking C executable test_vision_prompt
[ 36%] Linking C executable test_compaction
[ 37%] Building C object CMakeFiles/test_qa.dir/test/test_qa.c.o
[ 37%] Linking C executable test_gguf
[ 37%] Linking CXX executable ember-dspark-cpu-bench
[ 37%] Building C object engine/ggml/src/CMakeFiles/ggml-base.dir/__/rocmfpx/rocmfpx.c.o
[ 37%] Built target test_vision_prompt
[ 37%] Built target test_gguf
[ 37%] Built target test_compaction
[ 37%] Building CXX object engine/ggml/src/CMakeFiles/ggml-base.dir/gguf.cpp.o
[ 37%] Building CXX object CMakeFiles/test_qwen4exp_vision_provider.dir/test/test_qwen4exp_vision_provider.cpp.o
[ 37%] Linking C executable test_model_card
[ 37%] Building C object CMakeFiles/ember-server.dir/src/server/main.c.o
[ 37%] Linking C executable test_kv_cache
[ 37%] Building CXX object CMakeFiles/test_qwen4exp_vision_provider.dir/engine/dflash/qwen4exp/qwen4exp_vision.cpp.o
[ 37%] Built target test_model_card
[ 37%] Building CXX object CMakeFiles/test_qwen4exp_vision_provider.dir/engine/dflash/qwen4exp/qwen4exp_vision_provider.cpp.o
[ 37%] Built target ember-dspark-cpu-bench
[ 37%] Built target test_kv_cache
[ 37%] Linking C executable test_qa
[ 37%] Built target test_qa
[ 37%] Linking C executable test_api_adapters
[ 37%] Built target test_api_adapters
[ 37%] Linking CXX executable test_ds4_vision_oracle
[ 38%] Linking CXX executable test_qwen4exp_vision_provider
[ 38%] Built target test_ds4_vision_oracle
[ 38%] Built target test_qwen4exp_vision_provider
[ 38%] Linking CXX executable test_qwen4exp_shard_paths
[ 38%] Linking C executable ember-server
[ 38%] Built target test_qwen4exp_shard_paths
[ 38%] Built target ember-server
[ 38%] Linking CXX shared library libggml-base.so
[ 38%] Built target ggml-base
[ 38%] Building CXX object CMakeFiles/test_ds4_vision_mmproj.dir/test/test_ds4_vision_mmproj.cpp.o
[ 38%] Building CXX object CMakeFiles/test_ds4_vision_mmproj.dir/engine/dflash/deepseek4/deepseek4_vision_mmproj.cpp.o
[ 39%] Building CXX object CMakeFiles/ember-gguf-quantize.dir/tools/gguf_quantize.cpp.o
[ 40%] Building CXX object CMakeFiles/test_ds4_vision_mmproj.dir/engine/dflash/deepseek4/deepseek4_vision_native_contract.cpp.o
[ 40%] Building CXX object CMakeFiles/ember-gguf-quantize.dir/tools/gguf_quantize_common.cpp.o
[ 40%] Building C object engine/ggml/src/CMakeFiles/ggml-cpu.dir/ggml-cpu/ggml-cpu.c.o
[ 41%] Building CXX object engine/ggml/src/CMakeFiles/ggml-cpu.dir/ggml-cpu/ggml-cpu.cpp.o
[ 41%] Building CXX object engine/ggml/src/CMakeFiles/ggml-cpu.dir/ggml-cpu/repack.cpp.o
[ 42%] Building CXX object CMakeFiles/ember-token-dump.dir/tools/token_dump.cpp.o
[ 42%] Building CXX object CMakeFiles/ember-token-dump.dir/engine/dflash/server/tokenizer.cpp.o
[ 42%] Building CXX object CMakeFiles/ember-token-dump.dir/engine/dflash/server/pre_tokenizer.cpp.o
[ 42%] Building C object engine/ggml/src/CMakeFiles/ggml-cpu.dir/ggml-cpu/quants.c.o
[ 42%] Building CXX object engine/ggml/src/CMakeFiles/ggml-cpu.dir/ggml-cpu/hbm.cpp.o
[ 42%] Building CXX object engine/ggml/src/CMakeFiles/ggml-cpu.dir/ggml-cpu/traits.cpp.o
[ 42%] Building CXX object engine/ggml/src/CMakeFiles/ggml-cpu.dir/ggml-cpu/binary-ops.cpp.o
[ 43%] Building CXX object engine/ggml/src/CMakeFiles/ggml-cpu.dir/ggml-cpu/unary-ops.cpp.o
[ 43%] Building CXX object engine/ggml/src/CMakeFiles/ggml-cpu.dir/ggml-cpu/ops.cpp.o
[ 43%] Building CXX object engine/ggml/src/CMakeFiles/ggml-cpu.dir/ggml-cpu/vec.cpp.o
[ 43%] Building C object engine/ggml/src/CMakeFiles/ggml-cpu.dir/ggml-cpu/arch/x86/quants.c.o
[ 43%] Building CXX object engine/ggml/src/CMakeFiles/ggml-cpu.dir/ggml-cpu/arch/x86/repack.cpp.o
[ 44%] Building HIP object engine/ggml/src/ggml-hip/CMakeFiles/ggml-hip.dir/__/ggml-cuda/acc.cu.o
[ 44%] Building HIP object engine/ggml/src/ggml-hip/CMakeFiles/ggml-hip.dir/__/ggml-cuda/add-id.cu.o
[ 44%] Building HIP object engine/ggml/src/ggml-hip/CMakeFiles/ggml-hip.dir/__/ggml-cuda/arange.cu.o
[ 44%] Building HIP object engine/ggml/src/ggml-hip/CMakeFiles/ggml-hip.dir/__/ggml-cuda/argmax.cu.o
[ 44%] Building HIP object engine/ggml/src/ggml-hip/CMakeFiles/ggml-hip.dir/__/ggml-cuda/argsort.cu.o
[ 45%] Building HIP object engine/ggml/src/ggml-hip/CMakeFiles/ggml-hip.dir/__/ggml-cuda/binbcast.cu.o
[ 45%] Building HIP object engine/ggml/src/ggml-hip/CMakeFiles/ggml-hip.dir/__/ggml-cuda/clamp.cu.o
[ 45%] Building HIP object engine/ggml/src/ggml-hip/CMakeFiles/ggml-hip.dir/__/ggml-cuda/concat.cu.o
[ 45%] Building HIP object engine/ggml/src/ggml-hip/CMakeFiles/ggml-hip.dir/__/ggml-cuda/conv-transpose-1d.cu.o
[ 45%] Building HIP object engine/ggml/src/ggml-hip/CMakeFiles/ggml-hip.dir/__/ggml-cuda/conv2d-transpose.cu.o
[ 45%] Building HIP object engine/ggml/src/ggml-hip/CMakeFiles/ggml-hip.dir/__/ggml-cuda/conv2d-dw.cu.o
[ 46%] Building HIP object engine/ggml/src/ggml-hip/CMakeFiles/ggml-hip.dir/__/ggml-cuda/conv2d.cu.o
[ 46%] Building HIP object engine/ggml/src/ggml-hip/CMakeFiles/ggml-hip.dir/__/ggml-cuda/convert.cu.o
[ 46%] Building HIP object engine/ggml/src/ggml-hip/CMakeFiles/ggml-hip.dir/__/ggml-cuda/count-equal.cu.o
[ 46%] Building HIP object engine/ggml/src/ggml-hip/CMakeFiles/ggml-hip.dir/__/ggml-cuda/cpy.cu.o
[ 46%] Building HIP object engine/ggml/src/ggml-hip/CMakeFiles/ggml-hip.dir/__/ggml-cuda/cross-entropy-loss.cu.o
[ 46%] Building HIP object engine/ggml/src/ggml-hip/CMakeFiles/ggml-hip.dir/__/ggml-cuda/cumsum.cu.o
[ 47%] Building HIP object engine/ggml/src/ggml-hip/CMakeFiles/ggml-hip.dir/__/ggml-cuda/diag.cu.o
[ 47%] Building HIP object engine/ggml/src/ggml-hip/CMakeFiles/ggml-hip.dir/__/ggml-cuda/diagmask.cu.o
[ 47%] Building HIP object engine/ggml/src/ggml-hip/CMakeFiles/ggml-hip.dir/__/ggml-cuda/ds4-hc.cu.o
[ 47%] Linking CXX executable test_ds4_vision_mmproj
[ 47%] Built target test_ds4_vision_mmproj
[ 47%] Building HIP object engine/ggml/src/ggml-hip/CMakeFiles/ggml-hip.dir/__/ggml-cuda/ds4-indexer.cu.o
[ 47%] Linking CXX executable ember-token-dump
[ 47%] Building HIP object engine/ggml/src/ggml-hip/CMakeFiles/ggml-hip.dir/__/ggml-cuda/fattn-chunked.cu.o
[ 48%] Building HIP object engine/ggml/src/ggml-hip/CMakeFiles/ggml-hip.dir/__/ggml-cuda/fattn-sparse.cu.o
[ 48%] Built target ember-token-dump
[ 48%] Building HIP object engine/ggml/src/ggml-hip/CMakeFiles/ggml-hip.dir/__/ggml-cuda/fattn-tile.cu.o
[ 48%] Building HIP object engine/ggml/src/ggml-hip/CMakeFiles/ggml-hip.dir/__/ggml-cuda/fattn-wmma-f16.cu.o
[ 48%] Building HIP object engine/ggml/src/ggml-hip/CMakeFiles/ggml-hip.dir/__/ggml-cuda/fattn.cu.o
[ 48%] Building HIP object engine/ggml/src/ggml-hip/CMakeFiles/ggml-hip.dir/__/ggml-cuda/fill.cu.o
[ 48%] Building HIP object engine/ggml/src/ggml-hip/CMakeFiles/ggml-hip.dir/__/ggml-cuda/gated_delta_net.cu.o
[ 49%] Building HIP object engine/ggml/src/ggml-hip/CMakeFiles/ggml-hip.dir/__/ggml-cuda/getrows.cu.o
[ 49%] Building HIP object engine/ggml/src/ggml-hip/CMakeFiles/ggml-hip.dir/__/ggml-cuda/ggml-cuda.cu.o
[ 49%] Building HIP object engine/ggml/src/ggml-hip/CMakeFiles/ggml-hip.dir/__/ggml-cuda/gla.cu.o
[ 49%] Building HIP object engine/ggml/src/ggml-hip/CMakeFiles/ggml-hip.dir/__/ggml-cuda/im2col.cu.o
[ 49%] Building HIP object engine/ggml/src/ggml-hip/CMakeFiles/ggml-hip.dir/__/ggml-cuda/mean.cu.o
[ 49%] Building HIP object engine/ggml/src/ggml-hip/CMakeFiles/ggml-hip.dir/__/ggml-cuda/mmf.cu.o
[ 50%] Building HIP object engine/ggml/src/ggml-hip/CMakeFiles/ggml-hip.dir/__/ggml-cuda/mmid.cu.o
[ 50%] Building HIP object engine/ggml/src/ggml-hip/CMakeFiles/ggml-hip.dir/__/ggml-cuda/mmq.cu.o
[ 51%] Linking CXX static library libxgrammar.a
[ 51%] Building HIP object engine/ggml/src/ggml-hip/CMakeFiles/ggml-hip.dir/__/ggml-cuda/mmvf.cu.o
[ 51%] Building HIP object engine/ggml/src/ggml-hip/CMakeFiles/ggml-hip.dir/__/ggml-cuda/mmvq.cu.o
[ 51%] Building HIP object engine/ggml/src/ggml-hip/CMakeFiles/ggml-hip.dir/__/ggml-cuda/moe-fused.cu.o
[ 51%] Built target xgrammar
[ 52%] Building HIP object engine/ggml/src/ggml-hip/CMakeFiles/ggml-hip.dir/__/ggml-cuda/norm.cu.o
[ 52%] Building HIP object engine/ggml/src/ggml-hip/CMakeFiles/ggml-hip.dir/__/ggml-cuda/opt-step-adamw.cu.o
[ 52%] Building HIP object engine/ggml/src/ggml-hip/CMakeFiles/ggml-hip.dir/__/ggml-cuda/opt-step-sgd.cu.o
[ 52%] Building HIP object engine/ggml/src/ggml-hip/CMakeFiles/ggml-hip.dir/__/ggml-cuda/out-prod.cu.o
[ 52%] Building CXX object CMakeFiles/test_tool_grammar_match.dir/test/test_tool_grammar_match.cpp.o
[ 52%] Building HIP object engine/ggml/src/ggml-hip/CMakeFiles/ggml-hip.dir/__/ggml-cuda/pad.cu.o
[ 52%] Linking CXX executable test_tool_grammar_match
[ 52%] Building HIP object engine/ggml/src/ggml-hip/CMakeFiles/ggml-hip.dir/__/ggml-cuda/pad_reflect_1d.cu.o
[ 52%] Built target test_tool_grammar_match
[ 53%] Building HIP object engine/ggml/src/ggml-hip/CMakeFiles/ggml-hip.dir/__/ggml-cuda/pool2d.cu.o
[ 53%] Building HIP object engine/ggml/src/ggml-hip/CMakeFiles/ggml-hip.dir/__/ggml-cuda/quantize.cu.o
[ 53%] Building HIP object engine/ggml/src/ggml-hip/CMakeFiles/ggml-hip.dir/__/ggml-cuda/roll.cu.o
[ 53%] Building HIP object engine/ggml/src/ggml-hip/CMakeFiles/ggml-hip.dir/__/ggml-cuda/rope.cu.o
[ 53%] Building HIP object engine/ggml/src/ggml-hip/CMakeFiles/ggml-hip.dir/__/ggml-cuda/scale.cu.o
[ 53%] Building HIP object engine/ggml/src/ggml-hip/CMakeFiles/ggml-hip.dir/__/ggml-cuda/set-rows.cu.o
[ 54%] Building HIP object engine/ggml/src/ggml-hip/CMakeFiles/ggml-hip.dir/__/ggml-cuda/set.cu.o
[ 54%] Building HIP object engine/ggml/src/ggml-hip/CMakeFiles/ggml-hip.dir/__/ggml-cuda/softcap.cu.o
[ 54%] Building HIP object engine/ggml/src/ggml-hip/CMakeFiles/ggml-hip.dir/__/ggml-cuda/softmax.cu.o
[ 54%] Building HIP object engine/ggml/src/ggml-hip/CMakeFiles/ggml-hip.dir/__/ggml-cuda/solve_tri.cu.o
[ 54%] Building HIP object engine/ggml/src/ggml-hip/CMakeFiles/ggml-hip.dir/__/ggml-cuda/ssm-conv.cu.o
[ 55%] Building HIP object engine/ggml/src/ggml-hip/CMakeFiles/ggml-hip.dir/__/ggml-cuda/ssm-scan.cu.o
[ 55%] Building HIP object engine/ggml/src/ggml-hip/CMakeFiles/ggml-hip.dir/__/ggml-cuda/sum.cu.o
[ 55%] Building HIP object engine/ggml/src/ggml-hip/CMakeFiles/ggml-hip.dir/__/ggml-cuda/sumrows.cu.o
[ 55%] Building HIP object engine/ggml/src/ggml-hip/CMakeFiles/ggml-hip.dir/__/ggml-cuda/top-k.cu.o
[ 55%] Building HIP object engine/ggml/src/ggml-hip/CMakeFiles/ggml-hip.dir/__/ggml-cuda/topk-moe.cu.o
[ 55%] Building HIP object engine/ggml/src/ggml-hip/CMakeFiles/ggml-hip.dir/__/ggml-cuda/topk-rows.cu.o
[ 56%] Building HIP object engine/ggml/src/ggml-hip/CMakeFiles/ggml-hip.dir/__/ggml-cuda/tri.cu.o
[ 56%] Building HIP object engine/ggml/src/ggml-hip/CMakeFiles/ggml-hip.dir/__/ggml-cuda/tsembd.cu.o
[ 56%] Building HIP object engine/ggml/src/ggml-hip/CMakeFiles/ggml-hip.dir/__/ggml-cuda/turbo-wht.cu.o
[ 56%] Building HIP object engine/ggml/src/ggml-hip/CMakeFiles/ggml-hip.dir/__/ggml-cuda/unary.cu.o
[ 56%] Building HIP object engine/ggml/src/ggml-hip/CMakeFiles/ggml-hip.dir/__/ggml-cuda/upscale.cu.o
[ 57%] Building HIP object engine/ggml/src/ggml-hip/CMakeFiles/ggml-hip.dir/__/ggml-cuda/wkv.cu.o
[ 57%] Building HIP object engine/ggml/src/ggml-hip/CMakeFiles/ggml-hip.dir/__/ggml-cuda/template-instances/fattn-tile-instance-dkq112-dv112.cu.o
[ 57%] Building HIP object engine/ggml/src/ggml-hip/CMakeFiles/ggml-hip.dir/__/ggml-cuda/template-instances/fattn-tile-instance-dkq128-dv128.cu.o
[ 57%] Building HIP object engine/ggml/src/ggml-hip/CMakeFiles/ggml-hip.dir/__/ggml-cuda/template-instances/fattn-tile-instance-dkq256-dv256.cu.o
[ 57%] Building HIP object engine/ggml/src/ggml-hip/CMakeFiles/ggml-hip.dir/__/ggml-cuda/template-instances/fattn-tile-instance-dkq40-dv40.cu.o
[ 57%] Building HIP object engine/ggml/src/ggml-hip/CMakeFiles/ggml-hip.dir/__/ggml-cuda/template-instances/fattn-tile-instance-dkq512-dv512.cu.o
[ 58%] Building HIP object engine/ggml/src/ggml-hip/CMakeFiles/ggml-hip.dir/__/ggml-cuda/template-instances/fattn-tile-instance-dkq576-dv512.cu.o
[ 58%] Building HIP object engine/ggml/src/ggml-hip/CMakeFiles/ggml-hip.dir/__/ggml-cuda/template-instances/fattn-tile-instance-dkq64-dv64.cu.o
[ 58%] Building HIP object engine/ggml/src/ggml-hip/CMakeFiles/ggml-hip.dir/__/ggml-cuda/template-instances/fattn-tile-instance-dkq72-dv72.cu.o
[ 58%] Building HIP object engine/ggml/src/ggml-hip/CMakeFiles/ggml-hip.dir/__/ggml-cuda/template-instances/fattn-tile-instance-dkq80-dv80.cu.o
[ 58%] Building HIP object engine/ggml/src/ggml-hip/CMakeFiles/ggml-hip.dir/__/ggml-cuda/template-instances/fattn-tile-instance-dkq96-dv96.cu.o
[ 58%] Building HIP object engine/ggml/src/ggml-hip/CMakeFiles/ggml-hip.dir/__/ggml-cuda/template-instances/fattn-mma-f16-instance-ncols1_1-ncols2_16.cu.o
[ 59%] Building HIP object engine/ggml/src/ggml-hip/CMakeFiles/ggml-hip.dir/__/ggml-cuda/template-instances/fattn-mma-f16-instance-ncols1_1-ncols2_32.cu.o
[ 59%] Building HIP object engine/ggml/src/ggml-hip/CMakeFiles/ggml-hip.dir/__/ggml-cuda/template-instances/fattn-mma-f16-instance-ncols1_1-ncols2_8.cu.o
[ 59%] Building HIP object engine/ggml/src/ggml-hip/CMakeFiles/ggml-hip.dir/__/ggml-cuda/template-instances/fattn-mma-f16-instance-ncols1_16-ncols2_1.cu.o
[ 59%] Building HIP object engine/ggml/src/ggml-hip/CMakeFiles/ggml-hip.dir/__/ggml-cuda/template-instances/fattn-mma-f16-instance-ncols1_16-ncols2_2.cu.o
[ 59%] Building HIP object engine/ggml/src/ggml-hip/CMakeFiles/ggml-hip.dir/__/ggml-cuda/template-instances/fattn-mma-f16-instance-ncols1_16-ncols2_4.cu.o
[ 60%] Building HIP object engine/ggml/src/ggml-hip/CMakeFiles/ggml-hip.dir/__/ggml-cuda/template-instances/fattn-mma-f16-instance-ncols1_2-ncols2_16.cu.o
[ 60%] Building HIP object engine/ggml/src/ggml-hip/CMakeFiles/ggml-hip.dir/__/ggml-cuda/template-instances/fattn-mma-f16-instance-ncols1_2-ncols2_32.cu.o
[ 60%] Building HIP object engine/ggml/src/ggml-hip/CMakeFiles/ggml-hip.dir/__/ggml-cuda/template-instances/fattn-mma-f16-instance-ncols1_2-ncols2_4.cu.o
[ 60%] Building HIP object engine/ggml/src/ggml-hip/CMakeFiles/ggml-hip.dir/__/ggml-cuda/template-instances/fattn-mma-f16-instance-ncols1_2-ncols2_8.cu.o
[ 60%] Building HIP object engine/ggml/src/ggml-hip/CMakeFiles/ggml-hip.dir/__/ggml-cuda/template-instances/fattn-mma-f16-instance-ncols1_32-ncols2_1.cu.o
[ 60%] Building HIP object engine/ggml/src/ggml-hip/CMakeFiles/ggml-hip.dir/__/ggml-cuda/template-instances/fattn-mma-f16-instance-ncols1_32-ncols2_2.cu.o
[ 61%] Building HIP object engine/ggml/src/ggml-hip/CMakeFiles/ggml-hip.dir/__/ggml-cuda/template-instances/fattn-mma-f16-instance-ncols1_4-ncols2_16.cu.o
[ 61%] Building HIP object engine/ggml/src/ggml-hip/CMakeFiles/ggml-hip.dir/__/ggml-cuda/template-instances/fattn-mma-f16-instance-ncols1_4-ncols2_2.cu.o
[ 61%] Linking CXX shared library libggml-cpu.so
[ 61%] Built target ggml-cpu
[ 61%] Building HIP object engine/ggml/src/ggml-hip/CMakeFiles/ggml-hip.dir/__/ggml-cuda/template-instances/fattn-mma-f16-instance-ncols1_4-ncols2_4.cu.o
[ 61%] Building HIP object engine/ggml/src/ggml-hip/CMakeFiles/ggml-hip.dir/__/ggml-cuda/template-instances/fattn-mma-f16-instance-ncols1_4-ncols2_8.cu.o
[ 61%] Linking CXX executable ember-gguf-quantize
[ 61%] Built target ember-gguf-quantize
[ 61%] Building HIP object engine/ggml/src/ggml-hip/CMakeFiles/ggml-hip.dir/__/ggml-cuda/template-instances/fattn-mma-f16-instance-ncols1_64-ncols2_1.cu.o
[ 61%] Building HIP object engine/ggml/src/ggml-hip/CMakeFiles/ggml-hip.dir/__/ggml-cuda/template-instances/fattn-mma-f16-instance-ncols1_8-ncols2_1.cu.o
[ 62%] Building HIP object engine/ggml/src/ggml-hip/CMakeFiles/ggml-hip.dir/__/ggml-cuda/template-instances/fattn-mma-f16-instance-ncols1_8-ncols2_2.cu.o
[ 62%] Building HIP object engine/ggml/src/ggml-hip/CMakeFiles/ggml-hip.dir/__/ggml-cuda/template-instances/fattn-mma-f16-instance-ncols1_8-ncols2_4.cu.o
[ 62%] Building HIP object engine/ggml/src/ggml-hip/CMakeFiles/ggml-hip.dir/__/ggml-cuda/template-instances/fattn-mma-f16-instance-ncols1_8-ncols2_8.cu.o
[ 62%] Building HIP object engine/ggml/src/ggml-hip/CMakeFiles/ggml-hip.dir/__/ggml-cuda/template-instances/mmq-instance-iq1_s.cu.o
[ 62%] Building HIP object engine/ggml/src/ggml-hip/CMakeFiles/ggml-hip.dir/__/ggml-cuda/template-instances/mmq-instance-iq2_s.cu.o
[ 63%] Building HIP object engine/ggml/src/ggml-hip/CMakeFiles/ggml-hip.dir/__/ggml-cuda/template-instances/mmq-instance-iq2_xs.cu.o
[ 63%] Building HIP object engine/ggml/src/ggml-hip/CMakeFiles/ggml-hip.dir/__/ggml-cuda/template-instances/mmq-instance-iq2_xxs.cu.o
[ 63%] Building HIP object engine/ggml/src/ggml-hip/CMakeFiles/ggml-hip.dir/__/ggml-cuda/template-instances/mmq-instance-iq3_s.cu.o
[ 63%] Building HIP object engine/ggml/src/ggml-hip/CMakeFiles/ggml-hip.dir/__/ggml-cuda/template-instances/mmq-instance-iq3_xxs.cu.o
[ 63%] Building HIP object engine/ggml/src/ggml-hip/CMakeFiles/ggml-hip.dir/__/ggml-cuda/template-instances/mmq-instance-iq4_nl.cu.o
[ 63%] Building HIP object engine/ggml/src/ggml-hip/CMakeFiles/ggml-hip.dir/__/ggml-cuda/template-instances/mmq-instance-iq4_xs.cu.o
[ 64%] Building HIP object engine/ggml/src/ggml-hip/CMakeFiles/ggml-hip.dir/__/ggml-cuda/template-instances/mmq-instance-mxfp4.cu.o
[ 64%] Building HIP object engine/ggml/src/ggml-hip/CMakeFiles/ggml-hip.dir/__/ggml-cuda/template-instances/mmq-instance-nvfp4.cu.o
[ 64%] Building HIP object engine/ggml/src/ggml-hip/CMakeFiles/ggml-hip.dir/__/ggml-cuda/template-instances/mmq-instance-q2_0_rocmfp2.cu.o
[ 64%] Building HIP object engine/ggml/src/ggml-hip/CMakeFiles/ggml-hip.dir/__/ggml-cuda/template-instances/mmq-instance-q2_k.cu.o
[ 64%] Building HIP object engine/ggml/src/ggml-hip/CMakeFiles/ggml-hip.dir/__/ggml-cuda/template-instances/mmq-instance-q3_0_rocmfpx.cu.o
[ 64%] Building HIP object engine/ggml/src/ggml-hip/CMakeFiles/ggml-hip.dir/__/ggml-cuda/template-instances/mmq-instance-q3_k.cu.o
[ 65%] Building HIP object engine/ggml/src/ggml-hip/CMakeFiles/ggml-hip.dir/__/ggml-cuda/template-instances/mmq-instance-q4_0.cu.o
[ 65%] Building HIP object engine/ggml/src/ggml-hip/CMakeFiles/ggml-hip.dir/__/ggml-cuda/template-instances/mmq-instance-q4_0_rocmfp4_fast.cu.o
[ 65%] Building HIP object engine/ggml/src/ggml-hip/CMakeFiles/ggml-hip.dir/__/ggml-cuda/template-instances/mmq-instance-q4_0_rocmi4.cu.o
[ 65%] Building HIP object engine/ggml/src/ggml-hip/CMakeFiles/ggml-hip.dir/__/ggml-cuda/template-instances/mmq-instance-q4_1.cu.o
[ 65%] Building HIP object engine/ggml/src/ggml-hip/CMakeFiles/ggml-hip.dir/__/ggml-cuda/template-instances/mmq-instance-q4_k.cu.o
[ 66%] Building HIP object engine/ggml/src/ggml-hip/CMakeFiles/ggml-hip.dir/__/ggml-cuda/template-instances/mmq-instance-q5_0.cu.o
[ 66%] Building HIP object engine/ggml/src/ggml-hip/CMakeFiles/ggml-hip.dir/__/ggml-cuda/template-instances/mmq-instance-q5_1.cu.o
[ 66%] Building HIP object engine/ggml/src/ggml-hip/CMakeFiles/ggml-hip.dir/__/ggml-cuda/template-instances/mmq-instance-q5_k.cu.o
[ 66%] Building HIP object engine/ggml/src/ggml-hip/CMakeFiles/ggml-hip.dir/__/ggml-cuda/template-instances/mmq-instance-q6_k.cu.o
[ 66%] Building HIP object engine/ggml/src/ggml-hip/CMakeFiles/ggml-hip.dir/__/ggml-cuda/template-instances/mmq-instance-q8_0.cu.o
[ 66%] Building HIP object engine/ggml/src/ggml-hip/CMakeFiles/ggml-hip.dir/__/ggml-cuda/template-instances/mmf-instance-ncols_1.cu.o
[ 67%] Building HIP object engine/ggml/src/ggml-hip/CMakeFiles/ggml-hip.dir/__/ggml-cuda/template-instances/mmf-instance-ncols_10.cu.o
[ 67%] Building HIP object engine/ggml/src/ggml-hip/CMakeFiles/ggml-hip.dir/__/ggml-cuda/template-instances/mmf-instance-ncols_11.cu.o
[ 67%] Building HIP object engine/ggml/src/ggml-hip/CMakeFiles/ggml-hip.dir/__/ggml-cuda/template-instances/mmf-instance-ncols_12.cu.o
[ 67%] Building HIP object engine/ggml/src/ggml-hip/CMakeFiles/ggml-hip.dir/__/ggml-cuda/template-instances/mmf-instance-ncols_13.cu.o
[ 67%] Building HIP object engine/ggml/src/ggml-hip/CMakeFiles/ggml-hip.dir/__/ggml-cuda/template-instances/mmf-instance-ncols_14.cu.o
[ 68%] Building HIP object engine/ggml/src/ggml-hip/CMakeFiles/ggml-hip.dir/__/ggml-cuda/template-instances/mmf-instance-ncols_15.cu.o
[ 68%] Building HIP object engine/ggml/src/ggml-hip/CMakeFiles/ggml-hip.dir/__/ggml-cuda/template-instances/mmf-instance-ncols_16.cu.o
[ 68%] Building HIP object engine/ggml/src/ggml-hip/CMakeFiles/ggml-hip.dir/__/ggml-cuda/template-instances/mmf-instance-ncols_2.cu.o
[ 68%] Building HIP object engine/ggml/src/ggml-hip/CMakeFiles/ggml-hip.dir/__/ggml-cuda/template-instances/mmf-instance-ncols_3.cu.o
[ 68%] Building HIP object engine/ggml/src/ggml-hip/CMakeFiles/ggml-hip.dir/__/ggml-cuda/template-instances/mmf-instance-ncols_4.cu.o
[ 68%] Building HIP object engine/ggml/src/ggml-hip/CMakeFiles/ggml-hip.dir/__/ggml-cuda/template-instances/mmf-instance-ncols_5.cu.o
[ 69%] Building HIP object engine/ggml/src/ggml-hip/CMakeFiles/ggml-hip.dir/__/ggml-cuda/template-instances/mmf-instance-ncols_6.cu.o
[ 69%] Building HIP object engine/ggml/src/ggml-hip/CMakeFiles/ggml-hip.dir/__/ggml-cuda/template-instances/mmf-instance-ncols_7.cu.o
[ 69%] Building HIP object engine/ggml/src/ggml-hip/CMakeFiles/ggml-hip.dir/__/ggml-cuda/template-instances/mmf-instance-ncols_8.cu.o
[ 69%] Building HIP object engine/ggml/src/ggml-hip/CMakeFiles/ggml-hip.dir/__/ggml-cuda/template-instances/mmf-instance-ncols_9.cu.o
[ 69%] Building HIP object engine/ggml/src/ggml-hip/CMakeFiles/ggml-hip.dir/__/ggml-cuda/template-instances/fattn-vec-instance-bf16-bf16.cu.o
[ 69%] Building HIP object engine/ggml/src/ggml-hip/CMakeFiles/ggml-hip.dir/__/ggml-cuda/template-instances/fattn-vec-instance-bf16-f16.cu.o
[ 70%] Building HIP object engine/ggml/src/ggml-hip/CMakeFiles/ggml-hip.dir/__/ggml-cuda/template-instances/fattn-vec-instance-bf16-q4_0.cu.o
[ 70%] Building HIP object engine/ggml/src/ggml-hip/CMakeFiles/ggml-hip.dir/__/ggml-cuda/template-instances/fattn-vec-instance-bf16-q4_1.cu.o
[ 70%] Building HIP object engine/ggml/src/ggml-hip/CMakeFiles/ggml-hip.dir/__/ggml-cuda/template-instances/fattn-vec-instance-bf16-q5_0.cu.o
[ 70%] Building HIP object engine/ggml/src/ggml-hip/CMakeFiles/ggml-hip.dir/__/ggml-cuda/template-instances/fattn-vec-instance-bf16-q5_1.cu.o
[ 70%] Building HIP object engine/ggml/src/ggml-hip/CMakeFiles/ggml-hip.dir/__/ggml-cuda/template-instances/fattn-vec-instance-bf16-q8_0.cu.o
[ 71%] Building HIP object engine/ggml/src/ggml-hip/CMakeFiles/ggml-hip.dir/__/ggml-cuda/template-instances/fattn-vec-instance-bf16-tq3_0.cu.o
[ 71%] Building HIP object engine/ggml/src/ggml-hip/CMakeFiles/ggml-hip.dir/__/ggml-cuda/template-instances/fattn-vec-instance-f16-bf16.cu.o
[ 71%] Building HIP object engine/ggml/src/ggml-hip/CMakeFiles/ggml-hip.dir/__/ggml-cuda/template-instances/fattn-vec-instance-f16-f16.cu.o
[ 71%] Building HIP object engine/ggml/src/ggml-hip/CMakeFiles/ggml-hip.dir/__/ggml-cuda/template-instances/fattn-vec-instance-f16-q4_0.cu.o
[ 71%] Building HIP object engine/ggml/src/ggml-hip/CMakeFiles/ggml-hip.dir/__/ggml-cuda/template-instances/fattn-vec-instance-f16-q4_1.cu.o
[ 71%] Building HIP object engine/ggml/src/ggml-hip/CMakeFiles/ggml-hip.dir/__/ggml-cuda/template-instances/fattn-vec-instance-f16-q5_0.cu.o
[ 72%] Building HIP object engine/ggml/src/ggml-hip/CMakeFiles/ggml-hip.dir/__/ggml-cuda/template-instances/fattn-vec-instance-f16-q5_1.cu.o
[ 72%] Building HIP object engine/ggml/src/ggml-hip/CMakeFiles/ggml-hip.dir/__/ggml-cuda/template-instances/fattn-vec-instance-f16-q8_0.cu.o
[ 72%] Building HIP object engine/ggml/src/ggml-hip/CMakeFiles/ggml-hip.dir/__/ggml-cuda/template-instances/fattn-vec-instance-f16-tq3_0.cu.o
[ 72%] Building HIP object engine/ggml/src/ggml-hip/CMakeFiles/ggml-hip.dir/__/ggml-cuda/template-instances/fattn-vec-instance-q4_0-bf16.cu.o
[ 72%] Building HIP object engine/ggml/src/ggml-hip/CMakeFiles/ggml-hip.dir/__/ggml-cuda/template-instances/fattn-vec-instance-q4_0-f16.cu.o
[ 72%] Building HIP object engine/ggml/src/ggml-hip/CMakeFiles/ggml-hip.dir/__/ggml-cuda/template-instances/fattn-vec-instance-q4_0-q4_0.cu.o
[ 73%] Building HIP object engine/ggml/src/ggml-hip/CMakeFiles/ggml-hip.dir/__/ggml-cuda/template-instances/fattn-vec-instance-q4_0-q4_1.cu.o
[ 73%] Building HIP object engine/ggml/src/ggml-hip/CMakeFiles/ggml-hip.dir/__/ggml-cuda/template-instances/fattn-vec-instance-q4_0-q5_0.cu.o
[ 73%] Building HIP object engine/ggml/src/ggml-hip/CMakeFiles/ggml-hip.dir/__/ggml-cuda/template-instances/fattn-vec-instance-q4_0-q5_1.cu.o
[ 73%] Building HIP object engine/ggml/src/ggml-hip/CMakeFiles/ggml-hip.dir/__/ggml-cuda/template-instances/fattn-vec-instance-q4_0-q8_0.cu.o
[ 73%] Building HIP object engine/ggml/src/ggml-hip/CMakeFiles/ggml-hip.dir/__/ggml-cuda/template-instances/fattn-vec-instance-q4_0-tq3_0.cu.o
[ 74%] Building HIP object engine/ggml/src/ggml-hip/CMakeFiles/ggml-hip.dir/__/ggml-cuda/template-instances/fattn-vec-instance-q4_1-bf16.cu.o
[ 74%] Building HIP object engine/ggml/src/ggml-hip/CMakeFiles/ggml-hip.dir/__/ggml-cuda/template-instances/fattn-vec-instance-q4_1-f16.cu.o
[ 74%] Building HIP object engine/ggml/src/ggml-hip/CMakeFiles/ggml-hip.dir/__/ggml-cuda/template-instances/fattn-vec-instance-q4_1-q4_0.cu.o
[ 74%] Building HIP object engine/ggml/src/ggml-hip/CMakeFiles/ggml-hip.dir/__/ggml-cuda/template-instances/fattn-vec-instance-q4_1-q4_1.cu.o
[ 74%] Building HIP object engine/ggml/src/ggml-hip/CMakeFiles/ggml-hip.dir/__/ggml-cuda/template-instances/fattn-vec-instance-q4_1-q5_0.cu.o
[ 74%] Building HIP object engine/ggml/src/ggml-hip/CMakeFiles/ggml-hip.dir/__/ggml-cuda/template-instances/fattn-vec-instance-q4_1-q5_1.cu.o
[ 75%] Building HIP object engine/ggml/src/ggml-hip/CMakeFiles/ggml-hip.dir/__/ggml-cuda/template-instances/fattn-vec-instance-q4_1-q8_0.cu.o
[ 75%] Building HIP object engine/ggml/src/ggml-hip/CMakeFiles/ggml-hip.dir/__/ggml-cuda/template-instances/fattn-vec-instance-q4_1-tq3_0.cu.o
[ 75%] Building HIP object engine/ggml/src/ggml-hip/CMakeFiles/ggml-hip.dir/__/ggml-cuda/template-instances/fattn-vec-instance-q5_0-bf16.cu.o
[ 75%] Building HIP object engine/ggml/src/ggml-hip/CMakeFiles/ggml-hip.dir/__/ggml-cuda/template-instances/fattn-vec-instance-q5_0-f16.cu.o
[ 75%] Building HIP object engine/ggml/src/ggml-hip/CMakeFiles/ggml-hip.dir/__/ggml-cuda/template-instances/fattn-vec-instance-q5_0-q4_0.cu.o
[ 75%] Building HIP object engine/ggml/src/ggml-hip/CMakeFiles/ggml-hip.dir/__/ggml-cuda/template-instances/fattn-vec-instance-q5_0-q4_1.cu.o
[ 76%] Building HIP object engine/ggml/src/ggml-hip/CMakeFiles/ggml-hip.dir/__/ggml-cuda/template-instances/fattn-vec-instance-q5_0-q5_0.cu.o
[ 76%] Building HIP object engine/ggml/src/ggml-hip/CMakeFiles/ggml-hip.dir/__/ggml-cuda/template-instances/fattn-vec-instance-q5_0-q5_1.cu.o
[ 76%] Building HIP object engine/ggml/src/ggml-hip/CMakeFiles/ggml-hip.dir/__/ggml-cuda/template-instances/fattn-vec-instance-q5_0-q8_0.cu.o
[ 76%] Building HIP object engine/ggml/src/ggml-hip/CMakeFiles/ggml-hip.dir/__/ggml-cuda/template-instances/fattn-vec-instance-q5_0-tq3_0.cu.o
[ 76%] Building HIP object engine/ggml/src/ggml-hip/CMakeFiles/ggml-hip.dir/__/ggml-cuda/template-instances/fattn-vec-instance-q5_1-bf16.cu.o
[ 77%] Building HIP object engine/ggml/src/ggml-hip/CMakeFiles/ggml-hip.dir/__/ggml-cuda/template-instances/fattn-vec-instance-q5_1-f16.cu.o
[ 77%] Building HIP object engine/ggml/src/ggml-hip/CMakeFiles/ggml-hip.dir/__/ggml-cuda/template-instances/fattn-vec-instance-q5_1-q4_0.cu.o
[ 77%] Building HIP object engine/ggml/src/ggml-hip/CMakeFiles/ggml-hip.dir/__/ggml-cuda/template-instances/fattn-vec-instance-q5_1-q4_1.cu.o
[ 77%] Building HIP object engine/ggml/src/ggml-hip/CMakeFiles/ggml-hip.dir/__/ggml-cuda/template-instances/fattn-vec-instance-q5_1-q5_0.cu.o
[ 77%] Building HIP object engine/ggml/src/ggml-hip/CMakeFiles/ggml-hip.dir/__/ggml-cuda/template-instances/fattn-vec-instance-q5_1-q5_1.cu.o
[ 77%] Building HIP object engine/ggml/src/ggml-hip/CMakeFiles/ggml-hip.dir/__/ggml-cuda/template-instances/fattn-vec-instance-q5_1-q8_0.cu.o
[ 78%] Building HIP object engine/ggml/src/ggml-hip/CMakeFiles/ggml-hip.dir/__/ggml-cuda/template-instances/fattn-vec-instance-q5_1-tq3_0.cu.o
[ 78%] Building HIP object engine/ggml/src/ggml-hip/CMakeFiles/ggml-hip.dir/__/ggml-cuda/template-instances/fattn-vec-instance-q8_0-bf16.cu.o
[ 78%] Building HIP object engine/ggml/src/ggml-hip/CMakeFiles/ggml-hip.dir/__/ggml-cuda/template-instances/fattn-vec-instance-q8_0-f16.cu.o
[ 78%] Building HIP object engine/ggml/src/ggml-hip/CMakeFiles/ggml-hip.dir/__/ggml-cuda/template-instances/fattn-vec-instance-q8_0-q4_0.cu.o
[ 78%] Building HIP object engine/ggml/src/ggml-hip/CMakeFiles/ggml-hip.dir/__/ggml-cuda/template-instances/fattn-vec-instance-q8_0-q4_1.cu.o
[ 78%] Building HIP object engine/ggml/src/ggml-hip/CMakeFiles/ggml-hip.dir/__/ggml-cuda/template-instances/fattn-vec-instance-q8_0-q5_0.cu.o
[ 79%] Building HIP object engine/ggml/src/ggml-hip/CMakeFiles/ggml-hip.dir/__/ggml-cuda/template-instances/fattn-vec-instance-q8_0-q5_1.cu.o
[ 79%] Building HIP object engine/ggml/src/ggml-hip/CMakeFiles/ggml-hip.dir/__/ggml-cuda/template-instances/fattn-vec-instance-q8_0-q8_0.cu.o
[ 79%] Building HIP object engine/ggml/src/ggml-hip/CMakeFiles/ggml-hip.dir/__/ggml-cuda/template-instances/fattn-vec-instance-q8_0-tq3_0.cu.o
[ 79%] Building HIP object engine/ggml/src/ggml-hip/CMakeFiles/ggml-hip.dir/__/ggml-cuda/template-instances/fattn-vec-instance-tq3_0-bf16.cu.o
[ 79%] Building HIP object engine/ggml/src/ggml-hip/CMakeFiles/ggml-hip.dir/__/ggml-cuda/template-instances/fattn-vec-instance-tq3_0-f16.cu.o
[ 80%] Building HIP object engine/ggml/src/ggml-hip/CMakeFiles/ggml-hip.dir/__/ggml-cuda/template-instances/fattn-vec-instance-tq3_0-q4_0.cu.o
[ 80%] Building HIP object engine/ggml/src/ggml-hip/CMakeFiles/ggml-hip.dir/__/ggml-cuda/template-instances/fattn-vec-instance-tq3_0-q4_1.cu.o
[ 80%] Building HIP object engine/ggml/src/ggml-hip/CMakeFiles/ggml-hip.dir/__/ggml-cuda/template-instances/fattn-vec-instance-tq3_0-q5_0.cu.o
[ 80%] Building HIP object engine/ggml/src/ggml-hip/CMakeFiles/ggml-hip.dir/__/ggml-cuda/template-instances/fattn-vec-instance-tq3_0-q5_1.cu.o
[ 80%] Building HIP object engine/ggml/src/ggml-hip/CMakeFiles/ggml-hip.dir/__/ggml-cuda/template-instances/fattn-vec-instance-tq3_0-q8_0.cu.o
[ 80%] Building HIP object engine/ggml/src/ggml-hip/CMakeFiles/ggml-hip.dir/__/ggml-cuda/template-instances/fattn-vec-instance-tq3_0-tq3_0.cu.o
[ 81%] Linking HIP shared library libggml-hip.so
[ 81%] Built target ggml-hip
[ 81%] Building CXX object engine/ggml/src/CMakeFiles/ggml.dir/ggml-backend-reg.cpp.o
[ 81%] Linking CXX shared library libggml.so
[ 81%] Built target ggml
[ 81%] Building CXX object CMakeFiles/test_ds4_imatrix_graph.dir/test/test_ds4_imatrix_graph.cpp.o
[ 81%] Building CXX object CMakeFiles/test_ds4_imatrix_graph.dir/engine/dflash/deepseek4/deepseek4_imatrix.cpp.o
[ 82%] Building CXX object CMakeFiles/test_ds4_imatrix_graph.dir/engine/dflash/deepseek4/deepseek4_imatrix_graph.cpp.o
[ 82%] Building C object CMakeFiles/ember-dspark-main-bench.dir/src/model/gguf.c.o
[ 82%] Building CXX object CMakeFiles/ember-dspark-main-bench.dir/providers/xdna2/q8_0_pack.cpp.o
[ 83%] Building CXX object CMakeFiles/ember-dspark-main-bench.dir/providers/xdna2/q8_model_weights.cpp.o
[ 83%] Building CXX object CMakeFiles/ember-dspark-main-bench.dir/providers/xdna2/benchmark_dspark_main_gpu.cpp.o
[ 84%] Building CXX object engine/CMakeFiles/ember_engine.dir/dflash/deepseek4/deepseek4_graph.cpp.o
[ 84%] Building CXX object engine/CMakeFiles/ember_engine.dir/dflash/deepseek4/deepseek4_loader.cpp.o
[ 84%] Building CXX object engine/CMakeFiles/ember_engine.dir/dflash/deepseek4/deepseek4_imatrix.cpp.o
[ 84%] Building CXX object engine/CMakeFiles/ember_engine.dir/dflash/deepseek4/deepseek4_backend.cpp.o
[ 84%] Building CXX object engine/CMakeFiles/ember_engine.dir/dflash/deepseek4/deepseek4_imatrix_graph.cpp.o
[ 84%] Building CXX object engine/CMakeFiles/ember_engine.dir/dflash/deepseek4/deepseek4_dspark.cpp.o
[ 85%] Building CXX object engine/CMakeFiles/ember_engine.dir/dflash/deepseek4/deepseek4_vision_biases.cpp.o
[ 85%] Building CXX object engine/CMakeFiles/ember_engine.dir/dflash/deepseek4/deepseek4_vision_contract.cpp.o
[ 85%] Building CXX object engine/CMakeFiles/ember_engine.dir/dflash/deepseek4/deepseek4_vision_artifact.cpp.o
[ 85%] Building CXX object engine/CMakeFiles/ember_engine.dir/dflash/deepseek4/deepseek4_vision_native_contract.cpp.o
[ 85%] Building CXX object engine/CMakeFiles/ember_engine.dir/dflash/deepseek4/deepseek4_vision_mmproj.cpp.o
[ 86%] Building CXX object engine/CMakeFiles/ember_engine.dir/dflash/deepseek4/deepseek4_vision_tower.cpp.o
[ 86%] Building CXX object engine/CMakeFiles/ember_engine.dir/dflash/deepseek4/deepseek4_vision_oracle.cpp.o
[ 86%] Building CXX object engine/CMakeFiles/ember_engine.dir/dflash/deepseek4/deepseek4_vision_markers.cpp.o
[ 86%] Building CXX object engine/CMakeFiles/ember_engine.dir/dflash/deepseek4/deepseek4_dspark_spec.cpp.o
[ 86%] Building CXX object engine/CMakeFiles/ember_engine.dir/dflash/qwen4exp/qwen4exp_shards.cpp.o
[ 86%] Building CXX object engine/CMakeFiles/ember_engine.dir/dflash/qwen4exp/qwen4exp_model.cpp.o
[ 87%] Building CXX object engine/CMakeFiles/ember_engine.dir/dflash/qwen4exp/qwen4exp_loader.cpp.o
[ 87%] Building CXX object engine/CMakeFiles/ember_engine.dir/dflash/qwen4exp/qwen4exp_runtime.cpp.o
[ 87%] Building CXX object engine/CMakeFiles/ember_engine.dir/dflash/qwen4exp/qwen4exp_frontier.cpp.o
[ 87%] Building CXX object engine/CMakeFiles/ember_engine.dir/dflash/qwen4exp/qwen4exp_state.cpp.o
[ 87%] Building CXX object engine/CMakeFiles/ember_engine.dir/dflash/qwen4exp/qwen4exp_mtp.cpp.o
[ 87%] Building CXX object engine/CMakeFiles/ember_engine.dir/dflash/qwen4exp/qwen4exp_mtp_runtime.cpp.o
[ 88%] Building CXX object engine/CMakeFiles/ember_engine.dir/dflash/qwen4exp/qwen4exp_mtp_loader.cpp.o
[ 88%] Building CXX object engine/CMakeFiles/ember_engine.dir/dflash/common/activation_dump.cpp.o
[ 88%] Building CXX object engine/CMakeFiles/ember_engine.dir/dflash/qwen4exp/qwen4exp_backend.cpp.o
[ 88%] Building CXX object engine/CMakeFiles/ember_engine.dir/dflash/qwen4exp/qwen4exp_vision.cpp.o
[ 88%] Building CXX object engine/CMakeFiles/ember_engine.dir/dflash/qwen4exp/qwen4exp_vision_provider.cpp.o
[ 88%] Building C object engine/CMakeFiles/ember_engine.dir/dflash/common/crash_breadcrumb.c.o
[ 89%] Building C object engine/CMakeFiles/ember_engine.dir/dflash/common/qwen_yarn.c.o
[ 89%] Building CXX object engine/CMakeFiles/ember_engine.dir/dflash/common/continuous_batch_executor.cpp.o
[ 89%] Building CXX object engine/CMakeFiles/ember_engine.dir/dflash/common/continuous_batch_scheduler.cpp.o
[ 89%] Building CXX object engine/CMakeFiles/ember_engine.dir/dflash/common/resident_batch_coordinator.cpp.o
[ 89%] Building CXX object engine/CMakeFiles/ember_engine.dir/dflash/common/sampler.cpp.o
[ 90%] Building CXX object engine/CMakeFiles/ember_engine.dir/dflash/common/dspark_head.cpp.o
[ 90%] Building CXX object engine/CMakeFiles/ember_engine.dir/dflash/common/dspark_draft_compute_xdna.cpp.o
[ 90%] Building CXX object engine/CMakeFiles/ember_engine.dir/dflash/common/moe_hybrid_ffn_eval.cpp.o
[ 90%] Building CXX object engine/CMakeFiles/ember_engine.dir/dflash/common/moe_hybrid_placement.cpp.o
[ 90%] Linking CXX executable test_ds4_imatrix_graph
[ 90%] Building CXX object engine/CMakeFiles/ember_engine.dir/dflash/common/moe_hybrid_storage.cpp.o
[ 90%] Built target test_ds4_imatrix_graph
[ 90%] Building CXX object engine/CMakeFiles/ember_engine.dir/dflash/common/moe_hybrid_stream.cpp.o
[ 91%] Building CXX object engine/CMakeFiles/ember_engine.dir/dflash/server/pre_tokenizer.cpp.o
[ 91%] Building CXX object engine/CMakeFiles/ember_engine.dir/dflash/server/tokenizer.cpp.o
[ 91%] Building CXX object engine/CMakeFiles/ember_engine.dir/dflash/server/disk_prefix_cache.cpp.o
[ 91%] Building CXX object engine/CMakeFiles/ember_engine.dir/dflash/common/cpu_embedder.cpp.o
[ 91%] Building C object engine/CMakeFiles/ember_engine.dir/dflash/errors.c.o
[ 91%] Building CXX object engine/CMakeFiles/ember_engine.dir/dflash/ember_create_backend.cpp.o
[ 92%] Building HIP object engine/CMakeFiles/ember_engine.dir/dflash/deepseek4/deepseek4_hc_cuda.cu.o
[ 92%] Linking CXX executable ember-dspark-main-bench
[ 92%] Built target ember-dspark-main-bench
[ 92%] Linking HIP static library libember_engine.a
[ 92%] Built target ember_engine
[ 92%] Building CXX object CMakeFiles/test_qwen4exp_shards.dir/test/test_qwen4exp_shards.cpp.o
[ 92%] Building CXX object CMakeFiles/test_ds4_vision_markers.dir/test/test_ds4_vision_markers.cpp.o
[ 93%] Building CXX object CMakeFiles/ds4_vision_tower_oracle.dir/tools/ds4_vision_tower_oracle.cpp.o
[ 93%] Building CXX object CMakeFiles/test_ds4_vision_graph_rows.dir/test/test_ds4_vision_graph_rows.cpp.o
[ 93%] Building CXX object CMakeFiles/test_ds4_vision_biases.dir/test/test_ds4_vision_biases.cpp.o
[ 93%] Building CXX object CMakeFiles/test_qwen_rope_graph_oracle.dir/test/test_qwen_rope_graph_oracle.cpp.o
[ 93%] Building CXX object CMakeFiles/test_qwen4exp_frontier.dir/test/test_qwen4exp_frontier.cpp.o
[ 93%] Building CXX object CMakeFiles/ds4_logits_probe.dir/tools/ds4_logits_probe.cpp.o
[ 93%] Building CXX object CMakeFiles/ember-dspark-xdna-diff.dir/providers/xdna2/validate_dspark_provider_gpu.cpp.o
[ 93%] Building CXX object CMakeFiles/ds4_logits_probe.dir/tools/logits_probe_format.cpp.o
[ 93%] Building C object CMakeFiles/ember-dflash.dir/src/server/sse.c.o
[ 93%] Building C object CMakeFiles/ember-dflash.dir/src/server/http.c.o
[ 94%] Building C object CMakeFiles/ember-dflash.dir/src/common/json.c.o
[ 94%] Building C object CMakeFiles/ember-dflash.dir/src/server/chat_api.c.o
[ 95%] Building HIP object CMakeFiles/test_rocmi4_operator_oracle.dir/test/test_rocmi4_operator_oracle.hip.o
[ 95%] Building C object CMakeFiles/ember-dflash.dir/src/server/api_adapters.c.o
[ 95%] Building C object CMakeFiles/ember-dflash.dir/src/server/compaction.c.o
[ 96%] Building C object CMakeFiles/ember-dflash.dir/src/model/tool_parser_qwen4.c.o
[ 96%] Building C object CMakeFiles/ember-dflash.dir/src/model/tool_schema.c.o
[ 96%] Building C object CMakeFiles/ember-dflash.dir/src/model/tool_grammar.c.o
[ 96%] Building C object CMakeFiles/ember-dflash.dir/src/model/tool_parser.c.o
[ 96%] Building C object CMakeFiles/ember-dflash.dir/src/server/background_gate.c.o
[ 97%] Building C object CMakeFiles/ember-dflash.dir/src/model/continuation.c.o
[ 97%] Building C object CMakeFiles/ember-dflash.dir/src/model/tool_memory.c.o
[ 97%] Building C object CMakeFiles/ember-dflash.dir/src/model/dsml_decode.c.o
[ 97%] Building C object CMakeFiles/ember-dflash.dir/src/model/chat_template.c.o
[ 97%] Building C object CMakeFiles/ember-dflash.dir/src/model/chat_template_qwen4.c.o
[ 97%] Building C object CMakeFiles/ember-dflash.dir/src/model/image_input.c.o
[ 98%] Building C object CMakeFiles/ember-dflash.dir/src/model/vision_prompt.c.o
[ 98%] Building C object CMakeFiles/ember-dflash.dir/src/model/model_profile.c.o
[ 98%] Building C object CMakeFiles/ember-dflash.dir/src/model/model_card.c.o
[ 98%] Building C object CMakeFiles/ember-dflash.dir/src/model/gguf.c.o
[ 98%] Building C object CMakeFiles/ember-dflash.dir/src/model/kv_cache.c.o
[ 98%] Building C object CMakeFiles/ember-dflash.dir/src/server/main.c.o
[ 99%] Building CXX object CMakeFiles/ember-dflash.dir/src/backend/backend_dflash.cc.o
[ 99%] Linking HIP executable test_ds4_vision_graph_rows
[ 99%] Built target test_ds4_vision_graph_rows
[100%] Linking HIP executable test_qwen4exp_shards
[100%] Linking HIP executable test_qwen_rope_graph_oracle
[100%] Built target test_qwen4exp_shards
[100%] Built target test_qwen_rope_graph_oracle
[100%] Linking HIP executable test_ds4_vision_markers
[100%] Built target test_ds4_vision_markers
[100%] Linking HIP executable ds4_vision_tower_oracle
[100%] Linking HIP executable test_ds4_vision_biases
[100%] Built target ds4_vision_tower_oracle
[100%] Linking HIP executable ember-dspark-xdna-diff
[100%] Built target test_ds4_vision_biases
[100%] Built target ember-dspark-xdna-diff
In file included from /ember/test/test_rocmi4_operator_oracle.hip:37:
In file included from /ember/engine/ggml/src/ggml-cuda/convert.cuh:2:
In file included from /ember/engine/ggml/src/ggml-cuda/common.cuh:4:
/ember/engine/ggml/src/ggml-impl.h:73:13: warning: unused function 'ggml_are_same_layout' [-Wunused-function]
   73 | static bool ggml_are_same_layout(const struct ggml_tensor * a, const struct ggml_tensor * b) {
      |             ^~~~~~~~~~~~~~~~~~~~
/ember/engine/ggml/src/ggml-impl.h:88:13: warning: unused function 'ggml_op_is_empty' [-Wunused-function]
   88 | static bool ggml_op_is_empty(enum ggml_op op) {
      |             ^~~~~~~~~~~~~~~~
/ember/engine/ggml/src/ggml-impl.h:145:13: warning: unused function 'ggml_set_op_params' [-Wunused-function]
  145 | static void ggml_set_op_params(struct ggml_tensor * tensor, const void * params, size_t params_size) {
      |             ^~~~~~~~~~~~~~~~~~
/ember/engine/ggml/src/ggml-impl.h:151:16: warning: unused function 'ggml_get_op_params_i32' [-Wunused-function]
  151 | static int32_t ggml_get_op_params_i32(const struct ggml_tensor * tensor, uint32_t i) {
      |                ^~~~~~~~~~~~~~~~~~~~~~
/ember/engine/ggml/src/ggml-impl.h:156:14: warning: unused function 'ggml_get_op_params_f32' [-Wunused-function]
  156 | static float ggml_get_op_params_f32(const struct ggml_tensor * tensor, uint32_t i) {
      |              ^~~~~~~~~~~~~~~~~~~~~~
/ember/engine/ggml/src/ggml-impl.h:161:13: warning: unused function 'ggml_set_op_params_i32' [-Wunused-function]
  161 | static void ggml_set_op_params_i32(struct ggml_tensor * tensor, uint32_t i, int32_t value) {
      |             ^~~~~~~~~~~~~~~~~~~~~~
/ember/engine/ggml/src/ggml-impl.h:166:13: warning: unused function 'ggml_set_op_params_f32' [-Wunused-function]
  166 | static void ggml_set_op_params_f32(struct ggml_tensor * tensor, uint32_t i, float value) {
      |             ^~~~~~~~~~~~~~~~~~~~~~
/ember/engine/ggml/src/ggml-impl.h:203:15: warning: unused function 'ggml_bitset_size' [-Wunused-function]
  203 | static size_t ggml_bitset_size(size_t n) {
      |               ^~~~~~~~~~~~~~~~
/ember/engine/ggml/src/ggml-impl.h:272:13: warning: unused function 'ggml_hash_contains' [-Wunused-function]
  272 | static bool ggml_hash_contains(const struct ggml_hash_set * hash_set, struct ggml_tensor * key) {
      |             ^~~~~~~~~~~~~~~~~~
/ember/engine/ggml/src/ggml-impl.h:277:15: warning: unused function 'ggml_hash_insert' [-Wunused-function]
  277 | static size_t ggml_hash_insert(struct ggml_hash_set * hash_set, struct ggml_tensor * key) {
      |               ^~~~~~~~~~~~~~~~
/ember/engine/ggml/src/ggml-impl.h:298:15: warning: unused function 'ggml_hash_find_or_insert' [-Wunused-function]
  298 | static size_t ggml_hash_find_or_insert(struct ggml_hash_set * hash_set, struct ggml_tensor * key) {
      |               ^~~~~~~~~~~~~~~~~~~~~~~~
In file included from /ember/test/test_rocmi4_operator_oracle.hip:37:
In file included from /ember/engine/ggml/src/ggml-cuda/convert.cuh:2:
/ember/engine/ggml/src/ggml-cuda/common.cuh:259:13: warning: unused function 'fast_fp16_available' [-Wunused-function]
  259 | static bool fast_fp16_available(const int cc) {
      |             ^~~~~~~~~~~~~~~~~~~
/ember/engine/ggml/src/ggml-cuda/common.cuh:265:13: warning: unused function 'fast_fp16_hardware_available' [-Wunused-function]
  265 | static bool fast_fp16_hardware_available(const int cc) {
      |             ^~~~~~~~~~~~~~~~~~~~~~~~~~~~
/ember/engine/ggml/src/ggml-cuda/common.cuh:271:13: warning: unused function 'fp16_mma_hardware_available' [-Wunused-function]
  271 | static bool fp16_mma_hardware_available(const int cc) {
      |             ^~~~~~~~~~~~~~~~~~~~~~~~~~~
/ember/engine/ggml/src/ggml-cuda/common.cuh:276:13: warning: unused function 'bf16_mma_hardware_available' [-Wunused-function]
  276 | static bool bf16_mma_hardware_available(const int cc) {
      |             ^~~~~~~~~~~~~~~~~~~~~~~~~~~
/ember/engine/ggml/src/ggml-cuda/common.cuh:281:13: warning: unused function 'fp32_mma_hardware_available' [-Wunused-function]
  281 | static bool fp32_mma_hardware_available(const int cc) {
      |             ^~~~~~~~~~~~~~~~~~~~~~~~~~~
/ember/engine/ggml/src/ggml-cuda/common.cuh:285:13: warning: unused function 'amd_mfma_available' [-Wunused-function]
  285 | static bool amd_mfma_available(const int cc) {
      |             ^~~~~~~~~~~~~~~~~~
/ember/engine/ggml/src/ggml-cuda/common.cuh:293:13: warning: unused function 'amd_wmma_available' [-Wunused-function]
  293 | static bool amd_wmma_available(const int cc) {
      |             ^~~~~~~~~~~~~~~~~~
/ember/engine/ggml/src/ggml-cuda/common.cuh:297:13: warning: unused function 'volta_mma_available' [-Wunused-function]
  297 | static bool volta_mma_available(const int cc) {
      |             ^~~~~~~~~~~~~~~~~~~
/ember/engine/ggml/src/ggml-cuda/common.cuh:301:13: warning: unused function 'turing_mma_available' [-Wunused-function]
  301 | static bool turing_mma_available(const int cc) {
      |             ^~~~~~~~~~~~~~~~~~~~
/ember/engine/ggml/src/ggml-cuda/common.cuh:305:13: warning: unused function 'ampere_mma_available' [-Wunused-function]
  305 | static bool ampere_mma_available(const int cc) {
      |             ^~~~~~~~~~~~~~~~~~~~
/ember/engine/ggml/src/ggml-cuda/common.cuh:309:13: warning: unused function 'cp_async_available' [-Wunused-function]
  309 | static bool cp_async_available(const int cc) {
      |             ^~~~~~~~~~~~~~~~~~
/ember/engine/ggml/src/ggml-cuda/common.cuh:313:13: warning: unused function 'blackwell_mma_available' [-Wunused-function]
  313 | static bool blackwell_mma_available(const int cc) {
      |             ^~~~~~~~~~~~~~~~~~~~~~~
/ember/engine/ggml/src/ggml-cuda/common.cuh:341:24: warning: 'static' function 'no_device_code' declared in header file should be declared 'static inline' [-Wunneeded-internal-declaration]
  341 | static __device__ void no_device_code(
      |                        ^~~~~~~~~~~~~~
/ember/engine/ggml/src/ggml-cuda/common.cuh:930:20: warning: unused function 'init_fastdiv_values' [-Wunused-function]
  930 | static const uint3 init_fastdiv_values(uint64_t d_64) {
      |                    ^~~~~~~~~~~~~~~~~~~
25 warnings generated when compiling for gfx1151.
[100%] Linking HIP executable ds4_logits_probe
[100%] Built target ds4_logits_probe
In file included from /ember/test/test_rocmi4_operator_oracle.hip:37:
In file included from /ember/engine/ggml/src/ggml-cuda/convert.cuh:2:
In file included from /ember/engine/ggml/src/ggml-cuda/common.cuh:4:
/ember/engine/ggml/src/ggml-impl.h:73:13: warning: unused function 'ggml_are_same_layout' [-Wunused-function]
   73 | static bool ggml_are_same_layout(const struct ggml_tensor * a, const struct ggml_tensor * b) {
      |             ^~~~~~~~~~~~~~~~~~~~
/ember/engine/ggml/src/ggml-impl.h:88:13: warning: unused function 'ggml_op_is_empty' [-Wunused-function]
   88 | static bool ggml_op_is_empty(enum ggml_op op) {
      |             ^~~~~~~~~~~~~~~~
/ember/engine/ggml/src/ggml-impl.h:145:13: warning: unused function 'ggml_set_op_params' [-Wunused-function]
  145 | static void ggml_set_op_params(struct ggml_tensor * tensor, const void * params, size_t params_size) {
      |             ^~~~~~~~~~~~~~~~~~
/ember/engine/ggml/src/ggml-impl.h:151:16: warning: unused function 'ggml_get_op_params_i32' [-Wunused-function]
  151 | static int32_t ggml_get_op_params_i32(const struct ggml_tensor * tensor, uint32_t i) {
      |                ^~~~~~~~~~~~~~~~~~~~~~
/ember/engine/ggml/src/ggml-impl.h:156:14: warning: unused function 'ggml_get_op_params_f32' [-Wunused-function]
  156 | static float ggml_get_op_params_f32(const struct ggml_tensor * tensor, uint32_t i) {
      |              ^~~~~~~~~~~~~~~~~~~~~~
/ember/engine/ggml/src/ggml-impl.h:161:13: warning: unused function 'ggml_set_op_params_i32' [-Wunused-function]
  161 | static void ggml_set_op_params_i32(struct ggml_tensor * tensor, uint32_t i, int32_t value) {
      |             ^~~~~~~~~~~~~~~~~~~~~~
/ember/engine/ggml/src/ggml-impl.h:166:13: warning: unused function 'ggml_set_op_params_f32' [-Wunused-function]
  166 | static void ggml_set_op_params_f32(struct ggml_tensor * tensor, uint32_t i, float value) {
      |             ^~~~~~~~~~~~~~~~~~~~~~
/ember/engine/ggml/src/ggml-impl.h:203:15: warning: unused function 'ggml_bitset_size' [-Wunused-function]
  203 | static size_t ggml_bitset_size(size_t n) {
      |               ^~~~~~~~~~~~~~~~
/ember/engine/ggml/src/ggml-impl.h:272:13: warning: unused function 'ggml_hash_contains' [-Wunused-function]
  272 | static bool ggml_hash_contains(const struct ggml_hash_set * hash_set, struct ggml_tensor * key) {
      |             ^~~~~~~~~~~~~~~~~~
/ember/engine/ggml/src/ggml-impl.h:277:15: warning: unused function 'ggml_hash_insert' [-Wunused-function]
  277 | static size_t ggml_hash_insert(struct ggml_hash_set * hash_set, struct ggml_tensor * key) {
      |               ^~~~~~~~~~~~~~~~
/ember/engine/ggml/src/ggml-impl.h:298:15: warning: unused function 'ggml_hash_find_or_insert' [-Wunused-function]
  298 | static size_t ggml_hash_find_or_insert(struct ggml_hash_set * hash_set, struct ggml_tensor * key) {
      |               ^~~~~~~~~~~~~~~~~~~~~~~~
In file included from /ember/test/test_rocmi4_operator_oracle.hip:37:
In file included from /ember/engine/ggml/src/ggml-cuda/convert.cuh:2:
/ember/engine/ggml/src/ggml-cuda/common.cuh:259:13: warning: unused function 'fast_fp16_available' [-Wunused-function]
  259 | static bool fast_fp16_available(const int cc) {
      |             ^~~~~~~~~~~~~~~~~~~
/ember/engine/ggml/src/ggml-cuda/common.cuh:265:13: warning: unused function 'fast_fp16_hardware_available' [-Wunused-function]
  265 | static bool fast_fp16_hardware_available(const int cc) {
      |             ^~~~~~~~~~~~~~~~~~~~~~~~~~~~
/ember/engine/ggml/src/ggml-cuda/common.cuh:271:13: warning: unused function 'fp16_mma_hardware_available' [-Wunused-function]
  271 | static bool fp16_mma_hardware_available(const int cc) {
      |             ^~~~~~~~~~~~~~~~~~~~~~~~~~~
/ember/engine/ggml/src/ggml-cuda/common.cuh:276:13: warning: unused function 'bf16_mma_hardware_available' [-Wunused-function]
  276 | static bool bf16_mma_hardware_available(const int cc) {
      |             ^~~~~~~~~~~~~~~~~~~~~~~~~~~
/ember/engine/ggml/src/ggml-cuda/common.cuh:281:13: warning: unused function 'fp32_mma_hardware_available' [-Wunused-function]
  281 | static bool fp32_mma_hardware_available(const int cc) {
      |             ^~~~~~~~~~~~~~~~~~~~~~~~~~~
/ember/engine/ggml/src/ggml-cuda/common.cuh:285:13: warning: unused function 'amd_mfma_available' [-Wunused-function]
  285 | static bool amd_mfma_available(const int cc) {
      |             ^~~~~~~~~~~~~~~~~~
/ember/engine/ggml/src/ggml-cuda/common.cuh:293:13: warning: unused function 'amd_wmma_available' [-Wunused-function]
  293 | static bool amd_wmma_available(const int cc) {
      |             ^~~~~~~~~~~~~~~~~~
/ember/engine/ggml/src/ggml-cuda/common.cuh:297:13: warning: unused function 'volta_mma_available' [-Wunused-function]
  297 | static bool volta_mma_available(const int cc) {
      |             ^~~~~~~~~~~~~~~~~~~
/ember/engine/ggml/src/ggml-cuda/common.cuh:301:13: warning: unused function 'turing_mma_available' [-Wunused-function]
  301 | static bool turing_mma_available(const int cc) {
      |             ^~~~~~~~~~~~~~~~~~~~
/ember/engine/ggml/src/ggml-cuda/common.cuh:305:13: warning: unused function 'ampere_mma_available' [-Wunused-function]
  305 | static bool ampere_mma_available(const int cc) {
      |             ^~~~~~~~~~~~~~~~~~~~
/ember/engine/ggml/src/ggml-cuda/common.cuh:309:13: warning: unused function 'cp_async_available' [-Wunused-function]
  309 | static bool cp_async_available(const int cc) {
      |             ^~~~~~~~~~~~~~~~~~
/ember/engine/ggml/src/ggml-cuda/common.cuh:313:13: warning: unused function 'blackwell_mma_available' [-Wunused-function]
  313 | static bool blackwell_mma_available(const int cc) {
      |             ^~~~~~~~~~~~~~~~~~~~~~~
/ember/engine/ggml/src/ggml-cuda/common.cuh:341:24: warning: 'static' function 'no_device_code' declared in header file should be declared 'static inline' [-Wunneeded-internal-declaration]
  341 | static __device__ void no_device_code(
      |                        ^~~~~~~~~~~~~~
/ember/engine/ggml/src/ggml-cuda/common.cuh:930:20: warning: unused function 'init_fastdiv_values' [-Wunused-function]
  930 | static const uint3 init_fastdiv_values(uint64_t d_64) {
      |                    ^~~~~~~~~~~~~~~~~~~
[100%] Linking HIP executable test_qwen4exp_frontier
[100%] Built target test_qwen4exp_frontier
25 warnings generated when compiling for host.
[100%] Linking HIP executable test_rocmi4_operator_oracle
[100%] Built target test_rocmi4_operator_oracle
[100%] Linking HIP executable ember-dflash
[100%] Built target ember-dflash
BUILD_OK
