Checking src/backend/backend_stub.c ...
1/22 files checked 2% done
Checking src/common/json.c ...
Checking src/common/json.c: __GNUC__;__clang__...
2/22 files checked 4% done
Checking src/model/chat_template.c ...
Checking src/model/chat_template.c: __GNUC__;__clang__...
3/22 files checked 7% done
Checking src/model/continuation.c ...
4/22 files checked 10% done
Checking src/model/dsml_decode.c ...
Checking src/model/dsml_decode.c: __GNUC__;__clang__...
5/22 files checked 11% done
Checking src/model/gguf.c ...
Checking src/model/gguf.c: __GNUC__;__clang__...
6/22 files checked 13% done
Checking src/model/image_input.c ...
7/22 files checked 13% done
Checking src/model/kv_cache.c ...
8/22 files checked 15% done
Checking src/model/model_card.c ...
9/22 files checked 16% done
Checking src/model/model_profile.c ...
Checking src/model/model_profile.c: __GNUC__;__clang__...
10/22 files checked 16% done
Checking src/model/tool_grammar.c ...
Checking src/model/tool_grammar.c: __GNUC__;__clang__...
11/22 files checked 18% done
Checking src/model/tool_memory.c ...
Checking src/model/tool_memory.c: __GNUC__;__clang__...
12/22 files checked 21% done
Checking src/model/tool_parser.c ...
Checking src/model/tool_parser.c: __GNUC__;__clang__...
13/22 files checked 25% done
Checking src/model/tool_schema.c ...
Checking src/model/tool_schema.c: __GNUC__;__clang__...
14/22 files checked 31% done
Checking src/model/vision_prompt.c ...
15/22 files checked 32% done
Checking src/server/api_adapters.c ...
Checking src/server/api_adapters.c: __GNUC__;__clang__...
16/22 files checked 45% done
Checking src/server/background_gate.c ...
17/22 files checked 45% done
Checking src/server/chat_api.c ...
Checking src/server/chat_api.c: __GNUC__;__clang__...
18/22 files checked 52% done
Checking src/server/compaction.c ...
Checking src/server/compaction.c: __GNUC__;__clang__...
19/22 files checked 56% done
Checking src/server/http.c ...
20/22 files checked 58% done
Checking src/server/main.c ...
Checking src/server/main.c: __GNUC__;__clang__...
21/22 files checked 94% done
Checking src/server/sse.c ...
Checking src/server/sse.c: __GNUC__;__clang__...
22/22 files checked 100% done
